[2026-05-20 10:44:55] LOGIN OK; sequential regeneration begins
[2026-05-20 10:44:55] CH1 START 第一章 雨夜灯痕 e9d02dad-5778-4d92-a447-6b2dff36ddb4
[2026-05-20 10:44:55] CH1 EVENT {"status": "generating", "message": "Starting..."}
[2026-05-20 10:55:13] CH1 EVENT {"status": "saved", "chapter_id": "e9d02dad-5778-4d92-a447-6b2dff36ddb4", "word_count": 5790}
[2026-05-20 10:55:13] CH1 EVENT {"event": "evaluating", "round": 1}
[2026-05-20 10:57:55] CH1 EVENT {"event": "scored", "round": 1, "overall": 7.64, "issues": 15}
[2026-05-20 10:57:55] CH1 EVENT {"event": "revising", "round": 1, "overall": 7.64, "threshold": 8.2}
[2026-05-20 11:05:42] CH1 EVENT {"text": "雨", "revise_round": 1}
[2026-05-20 11:05:42] CH1 EVENT {"text": "从", "revise_round": 1}
[2026-05-20 11:05:42] CH1 EVENT {"text": "瓦", "revise_round": 1}
[2026-05-20 11:05:42] CH1 EVENT {"text": "缝", "revise_round": 1}
[2026-05-20 11:05:42] CH1 EVENT {"text": "里", "revise_round": 1}
[2026-05-20 11:05:42] CH1 EVENT {"text": "坠", "revise_round": 1}
[2026-05-20 11:05:42] CH1 EVENT {"text": "下来", "revise_round": 1}
[2026-05-20 11:05:42] CH1 EVENT {"text": "，", "revise_round": 1}
[2026-05-20 11:05:42] CH1 EVENT {"text": "砸", "revise_round": 1}
[2026-05-20 11:05:42] CH1 EVENT {"text": "在", "revise_round": 1}
[2026-05-20 11:05:42] CH1 EVENT {"text": "废", "revise_round": 1}
[2026-05-20 11:05:42] CH1 EVENT {"text": "灯", "revise_round": 1}
[2026-05-20 11:05:42] CH1 EVENT {"text": "铺", "revise_round": 1}
[2026-05-20 11:05:42] CH1 EVENT {"text": "的", "revise_round": 1}
[2026-05-20 11:05:42] CH1 EVENT {"text": "檐", "revise_round": 1}
[2026-05-20 11:05:42] CH1 EVENT {"text": "沿", "revise_round": 1}
[2026-05-20 11:05:42] CH1 EVENT {"text": "上", "revise_round": 1}
[2026-05-20 11:05:42] CH1 EVENT {"text": "，", "revise_round": 1}
[2026-05-20 11:05:42] CH1 EVENT {"text": "碎", "revise_round": 1}
[2026-05-20 11:05:42] CH1 EVENT {"text": "成", "revise_round": 1}
[2026-05-20 11:05:42] CH1 EVENT {"text": "一", "revise_round": 1}
[2026-05-20 11:05:42] CH1 EVENT {"text": "串", "revise_round": 1}
[2026-05-20 11:05:42] CH1 EVENT {"text": "细", "revise_round": 1}
[2026-05-20 11:05:42] CH1 EVENT {"text": "响", "revise_round": 1}
[2026-05-20 11:05:42] CH1 EVENT {"text": "。", "revise_round": 1}
[2026-05-20 11:05:42] CH1 EVENT {"text": "檐", "revise_round": 1}
[2026-05-20 11:05:42] CH1 EVENT {"text": "下", "revise_round": 1}
[2026-05-20 11:05:42] CH1 EVENT {"text": "那", "revise_round": 1}
[2026-05-20 11:05:42] CH1 EVENT {"text": "盏", "revise_round": 1}
[2026-05-20 11:05:42] CH1 EVENT {"text": "魂", "revise_round": 1}
[2026-05-20 11:05:42] CH1 EVENT {"text": "灯", "revise_round": 1}
[2026-05-20 11:05:42] CH1 EVENT {"text": "还", "revise_round": 1}
[2026-05-20 11:05:42] CH1 EVENT {"text": "亮", "revise_round": 1}
[2026-05-20 11:05:42] CH1 EVENT {"text": "着", "revise_round": 1}
[2026-05-20 11:05:42] CH1 EVENT {"text": "，", "revise_round": 1}
[2026-05-20 11:05:42] CH1 EVENT {"text": "铜", "revise_round": 1}
[2026-05-20 11:05:42] CH1 EVENT {"text": "扣", "revise_round": 1}
[2026-05-20 11:05:42] CH1 EVENT {"text": "朝", "revise_round": 1}
[2026-05-20 11:05:42] CH1 EVENT {"text": "里", "revise_round": 1}
[2026-05-20 11:05:42] CH1 EVENT {"text": "，", "revise_round": 1}
[2026-05-20 11:05:42] CH1 EVENT {"text": "火", "revise_round": 1}
[2026-05-20 11:05:42] CH1 EVENT {"text": "芯", "revise_round": 1}
[2026-05-20 11:05:42] CH1 EVENT {"text": "剪", "revise_round": 1}
[2026-05-20 11:05:42] CH1 EVENT {"text": "得", "revise_round": 1}
[2026-05-20 11:05:42] CH1 EVENT {"text": "极", "revise_round": 1}
[2026-05-20 11:05:42] CH1 EVENT {"text": "短", "revise_round": 1}
[2026-05-20 11:05:42] CH1 EVENT {"text": "，", "revise_round": 1}
[2026-05-20 11:05:42] CH1 EVENT {"text": "风", "revise_round": 1}
[2026-05-20 11:05:42] CH1 EVENT {"text": "一", "revise_round": 1}
[2026-05-20 11:05:42] CH1 EVENT {"text": "扑", "revise_round": 1}
[2026-05-20 11:05:42] CH1 EVENT {"text": "只", "revise_round": 1}
[2026-05-20 11:05:42] CH1 EVENT {"text": "晃", "revise_round": 1}
[2026-05-20 11:05:42] CH1 EVENT {"text": "，不", "revise_round": 1}
[2026-05-20 11:05:42] CH1 EVENT {"text": "偏", "revise_round": 1}
[2026-05-20 11:05:42] CH1 EVENT {"text": "。", "revise_round": 1}
[2026-05-20 11:05:42] CH1 EVENT {"text": "尸", "revise_round": 1}
[2026-05-20 11:05:42] CH1 EVENT {"text": "体", "revise_round": 1}
[2026-05-20 11:05:42] CH1 EVENT {"text": "就", "revise_round": 1}
[2026-05-20 11:05:42] CH1 EVENT {"text": "靠", "revise_round": 1}
[2026-05-20 11:05:42] CH1 EVENT {"text": "在", "revise_round": 1}
[2026-05-20 11:05:42] CH1 EVENT {"text": "门", "revise_round": 1}
[2026-05-20 11:05:42] CH1 EVENT {"text": "槛", "revise_round": 1}
[2026-05-20 11:05:42] CH1 EVENT {"text": "边", "revise_round": 1}
[2026-05-20 11:05:42] CH1 EVENT {"text": "，", "revise_round": 1}
[2026-05-20 11:05:42] CH1 EVENT {"text": "半", "revise_round": 1}
[2026-05-20 11:05:42] CH1 EVENT {"text": "跪", "revise_round": 1}
[2026-05-20 11:05:42] CH1 EVENT {"text": "半", "revise_round": 1}
[2026-05-20 11:05:42] CH1 EVENT {"text": "坐", "revise_round": 1}
[2026-05-20 11:05:42] CH1 EVENT {"text": "，", "revise_round": 1}
[2026-05-20 11:05:42] CH1 EVENT {"text": "膝", "revise_round": 1}
[2026-05-20 11:05:42] CH1 EVENT {"text": "头", "revise_round": 1}
[2026-05-20 11:05:42] CH1 EVENT {"text": "却", "revise_round": 1}
[2026-05-20 11:05:42] CH1 EVENT {"text": "没", "revise_round": 1}
[2026-05-20 11:05:42] CH1 EVENT {"text": "磕", "revise_round": 1}
[2026-05-20 11:05:42] CH1 EVENT {"text": "出", "revise_round": 1}
[2026-05-20 11:05:42] CH1 EVENT {"text": "该", "revise_round": 1}
[2026-05-20 11:05:42] CH1 EVENT {"text": "有", "revise_round": 1}
[2026-05-20 11:05:42] CH1 EVENT {"text": "的", "revise_round": 1}
[2026-05-20 11:05:42] CH1 EVENT {"text": "破", "revise_round": 1}
[2026-05-20 11:05:42] CH1 EVENT {"text": "口", "revise_round": 1}
[2026-05-20 11:05:42] CH1 EVENT {"text": "。", "revise_round": 1}
[2026-05-20 11:05:42] CH1 EVENT {"text": "墙", "revise_round": 1}
[2026-05-20 11:05:42] CH1 EVENT {"text": "根", "revise_round": 1}
[2026-05-20 11:05:42] CH1 EVENT {"text": "那", "revise_round": 1}
[2026-05-20 11:05:42] CH1 EVENT {"text": "道", "revise_round": 1}
[2026-05-20 11:05:42] CH1 EVENT {"text": "旧", "revise_round": 1}
[2026-05-20 11:05:42] CH1 EVENT {"text": "排", "revise_round": 1}
[2026-05-20 11:05:42] CH1 EVENT {"text": "水", "revise_round": 1}
[2026-05-20 11:05:42] CH1 EVENT {"text": "槽", "revise_round": 1}
[2026-05-20 11:05:42] CH1 EVENT {"text": "里", "revise_round": 1}
[2026-05-20 11:05:42] CH1 EVENT {"text": "，", "revise_round": 1}
[2026-05-20 11:05:42] CH1 EVENT {"text": "黑", "revise_round": 1}
[2026-05-20 11:05:42] CH1 EVENT {"text": "水", "revise_round": 1}
[2026-05-20 11:05:42] CH1 EVENT {"text": "正", "revise_round": 1}
[2026-05-20 11:05:42] CH1 EVENT {"text": "顺", "revise_round": 1}
[2026-05-20 11:05:42] CH1 EVENT {"text": "着", "revise_round": 1}
[2026-05-20 11:05:42] CH1 EVENT {"text": "槽", "revise_round": 1}
[2026-05-20 11:05:42] CH1 EVENT {"text": "口", "revise_round": 1}
[2026-05-20 11:05:42] CH1 EVENT {"text": "往", "revise_round": 1}
[2026-05-20 11:05:42] CH1 EVENT {"text": "外", "revise_round": 1}
[2026-05-20 11:05:42] CH1 EVENT {"text": "淌", "revise_round": 1}
[2026-05-20 11:05:42] CH1 EVENT {"text": "，", "revise_round": 1}
[2026-05-20 11:05:42] CH1 EVENT {"text": "冲", "revise_round": 1}
[2026-05-20 11:05:42] CH1 EVENT {"text": "出", "revise_round": 1}
[2026-05-20 11:05:42] CH1 EVENT {"text": "一", "revise_round": 1}
[2026-05-20 11:05:42] CH1 EVENT {"text": "线", "revise_round": 1}
[2026-05-20 11:05:42] CH1 EVENT {"text": "比", "revise_round": 1}
[2026-05-20 11:05:42] CH1 EVENT {"text": "别", "revise_round": 1}
[2026-05-20 11:05:42] CH1 EVENT {"text": "处", "revise_round": 1}
[2026-05-20 11:05:42] CH1 EVENT {"text": "更", "revise_round": 1}
[2026-05-20 11:05:42] CH1 EVENT {"text": "白", "revise_round": 1}
[2026-05-20 11:05:42] CH1 EVENT {"text": "的", "revise_round": 1}
[2026-05-20 11:05:42] CH1 EVENT {"text": "泥", "revise_round": 1}
[2026-05-20 11:05:42] CH1 EVENT {"text": "边", "revise_round": 1}
[2026-05-20 11:05:42] CH1 EVENT {"text": "。\n\n", "revise_round": 1}
[2026-05-20 11:05:42] CH1 EVENT {"text": "沈", "revise_round": 1}
[2026-05-20 11:05:42] CH1 EVENT {"text": "照", "revise_round": 1}
[2026-05-20 11:05:42] CH1 EVENT {"text": "蹲", "revise_round": 1}
[2026-05-20 11:05:42] CH1 EVENT {"text": "下", "revise_round": 1}
[2026-05-20 11:05:42] CH1 EVENT {"text": "去", "revise_round": 1}
[2026-05-20 11:05:42] CH1 EVENT {"text": "，", "revise_round": 1}
[2026-05-20 11:05:42] CH1 EVENT {"text": "先", "revise_round": 1}
[2026-05-20 11:05:42] CH1 EVENT {"text": "不", "revise_round": 1}
[2026-05-20 11:05:42] CH1 EVENT {"text": "碰", "revise_round": 1}
[2026-05-20 11:05:42] CH1 EVENT {"text": "尸", "revise_round": 1}
[2026-05-20 11:05:42] CH1 EVENT {"text": "，只", "revise_round": 1}
[2026-05-20 11:05:42] CH1 EVENT {"text": "把", "revise_round": 1}
[2026-05-20 11:05:42] CH1 EVENT {"text": "指", "revise_round": 1}
[2026-05-20 11:05:42] CH1 EVENT {"text": "背", "revise_round": 1}
[2026-05-20 11:05:42] CH1 EVENT {"text": "伸", "revise_round": 1}
[2026-05-20 11:05:42] CH1 EVENT {"text": "到", "revise_round": 1}
[2026-05-20 11:05:42] CH1 EVENT {"text": "檐", "revise_round": 1}
[2026-05-20 11:05:42] CH1 EVENT {"text": "外", "revise_round": 1}
[2026-05-20 11:05:42] CH1 EVENT {"text": "。", "revise_round": 1}
[2026-05-20 11:05:42] CH1 EVENT {"text": "雨", "revise_round": 1}
[2026-05-20 11:05:42] CH1 EVENT {"text": "点", "revise_round": 1}
[2026-05-20 11:05:42] CH1 EVENT {"text": "砸", "revise_round": 1}
[2026-05-20 11:05:42] CH1 EVENT {"text": "在", "revise_round": 1}
[2026-05-20 11:05:42] CH1 EVENT {"text": "皮", "revise_round": 1}
[2026-05-20 11:05:42] CH1 EVENT {"text": "上", "revise_round": 1}
[2026-05-20 11:05:42] CH1 EVENT {"text": "，", "revise_round": 1}
[2026-05-20 11:05:42] CH1 EVENT {"text": "立", "revise_round": 1}
[2026-05-20 11:05:42] CH1 EVENT {"text": "刻", "revise_round": 1}
[2026-05-20 11:05:42] CH1 EVENT {"text": "冷", "revise_round": 1}
[2026-05-20 11:05:42] CH1 EVENT {"text": "进", "revise_round": 1}
[2026-05-20 11:05:42] CH1 EVENT {"text": "骨", "revise_round": 1}
[2026-05-20 11:05:42] CH1 EVENT {"text": "里", "revise_round": 1}
[2026-05-20 11:05:42] CH1 EVENT {"text": "。他", "revise_round": 1}
[2026-05-20 11:05:42] CH1 EVENT {"text": "收", "revise_round": 1}
[2026-05-20 11:05:42] CH1 EVENT {"text": "回", "revise_round": 1}
[2026-05-20 11:05:42] CH1 EVENT {"text": "手", "revise_round": 1}
[2026-05-20 11:05:42] CH1 EVENT {"text": "，", "revise_round": 1}
[2026-05-20 11:05:42] CH1 EVENT {"text": "目", "revise_round": 1}
[2026-05-20 11:05:42] CH1 EVENT {"text": "光", "revise_round": 1}
[2026-05-20 11:05:42] CH1 EVENT {"text": "在", "revise_round": 1}
[2026-05-20 11:05:42] CH1 EVENT {"text": "灯", "revise_round": 1}
[2026-05-20 11:05:42] CH1 EVENT {"text": "座", "revise_round": 1}
[2026-05-20 11:05:42] CH1 EVENT {"text": "、", "revise_round": 1}
[2026-05-20 11:05:42] CH1 EVENT {"text": "门", "revise_round": 1}
[2026-05-20 11:05:42] CH1 EVENT {"text": "钉", "revise_round": 1}
[2026-05-20 11:05:42] CH1 EVENT {"text": "、", "revise_round": 1}
[2026-05-20 11:05:42] CH1 EVENT {"text": "槛", "revise_round": 1}
[2026-05-20 11:05:42] CH1 EVENT {"text": "边", "revise_round": 1}
[2026-05-20 11:05:42] CH1 EVENT {"text": "轮", "revise_round": 1}
[2026-05-20 11:05:42] CH1 EVENT {"text": "了一", "revise_round": 1}
[2026-05-20 11:05:42] CH1 EVENT {"text": "圈", "revise_round": 1}
[2026-05-20 11:05:42] CH1 EVENT {"text": "。", "revise_round": 1}
[2026-05-20 11:05:42] CH1 EVENT {"text": "挂", "revise_round": 1}
[2026-05-20 11:05:42] CH1 EVENT {"text": "灯", "revise_round": 1}
[2026-05-20 11:05:42] CH1 EVENT {"text": "的人", "revise_round": 1}
[2026-05-20 11:05:42] CH1 EVENT {"text": "懂", "revise_round": 1}
[2026-05-20 11:05:42] CH1 EVENT {"text": "旧", "revise_round": 1}
[2026-05-20 11:05:42] CH1 EVENT {"text": "样", "revise_round": 1}
[2026-05-20 11:05:42] CH1 EVENT {"text": "，", "revise_round": 1}
[2026-05-20 11:05:42] CH1 EVENT {"text": "手", "revise_round": 1}
[2026-05-20 11:05:42] CH1 EVENT {"text": "也", "revise_round": 1}
[2026-05-20 11:05:42] CH1 EVENT {"text": "稳", "revise_round": 1}
[2026-05-20 11:05:42] CH1 EVENT {"text": "。他", "revise_round": 1}
[2026-05-20 11:05:42] CH1 EVENT {"text": "指", "revise_round": 1}
[2026-05-20 11:05:42] CH1 EVENT {"text": "腹", "revise_round": 1}
[2026-05-20 11:05:42] CH1 EVENT {"text": "那", "revise_round": 1}
[2026-05-20 11:05:42] CH1 EVENT {"text": "层", "revise_round": 1}
[2026-05-20 11:05:42] CH1 EVENT {"text": "茧", "revise_round": 1}
[2026-05-20 11:05:42] CH1 EVENT {"text": "，是", "revise_round": 1}
[2026-05-20 11:05:42] CH1 EVENT {"text": "在", "revise_round": 1}
[2026-05-20 11:05:42] CH1 EVENT {"text": "旧", "revise_round": 1}
[2026-05-20 11:05:42] CH1 EVENT {"text": "灯", "revise_round": 1}
[2026-05-20 11:05:42] CH1 EVENT {"text": "房", "revise_round": 1}
[2026-05-20 11:05:42] CH1 EVENT {"text": "磨", "revise_round": 1}
[2026-05-20 11:05:42] CH1 EVENT {"text": "出来", "revise_round": 1}
[2026-05-20 11:05:42] CH1 EVENT {"text": "的", "revise_round": 1}
[2026-05-20 11:05:42] CH1 EVENT {"text": "，", "revise_round": 1}
[2026-05-20 11:05:42] CH1 EVENT {"text": "摸", "revise_round": 1}
[2026-05-20 11:05:42] CH1 EVENT {"text": "到", "revise_round": 1}
[2026-05-20 11:05:42] CH1 EVENT {"text": "这", "revise_round": 1}
[2026-05-20 11:05:42] CH1 EVENT {"text": "盏", "revise_round": 1}
[2026-05-20 11:05:42] CH1 EVENT {"text": "灯", "revise_round": 1}
[2026-05-20 11:05:42] CH1 EVENT {"text": "的", "revise_round": 1}
[2026-05-20 11:05:42] CH1 EVENT {"text": "挂", "revise_round": 1}
[2026-05-20 11:05:42] CH1 EVENT {"text": "法", "revise_round": 1}
[2026-05-20 11:05:42] CH1 EVENT {"text": "，", "revise_round": 1}
[2026-05-20 11:05:42] CH1 EVENT {"text": "便", "revise_round": 1}
[2026-05-20 11:05:42] CH1 EVENT {"text": "知道", "revise_round": 1}
[2026-05-20 11:05:42] CH1 EVENT {"text": "不是", "revise_round": 1}
[2026-05-20 11:05:42] CH1 EVENT {"text": "街", "revise_round": 1}
[2026-05-20 11:05:42] CH1 EVENT {"text": "面", "revise_round": 1}
[2026-05-20 11:05:42] CH1 EVENT {"text": "胡", "revise_round": 1}
[2026-05-20 11:05:42] CH1 EVENT {"text": "来", "revise_round": 1}
[2026-05-20 11:05:42] CH1 EVENT {"text": "。\n\n", "revise_round": 1}
[2026-05-20 11:05:42] CH1 EVENT {"text": "他", "revise_round": 1}
[2026-05-20 11:05:42] CH1 EVENT {"text": "用", "revise_round": 1}
[2026-05-20 11:05:42] CH1 EVENT {"text": "干", "revise_round": 1}
[2026-05-20 11:05:42] CH1 EVENT {"text": "纸", "revise_round": 1}
[2026-05-20 11:05:42] CH1 EVENT {"text": "垫", "revise_round": 1}
[2026-05-20 11:05:42] CH1 EVENT {"text": "住", "revise_round": 1}
[2026-05-20 11:05:42] CH1 EVENT {"text": "虎", "revise_round": 1}
[2026-05-20 11:05:42] CH1 EVENT {"text": "口", "revise_round": 1}
[2026-05-20 11:05:42] CH1 EVENT {"text": "，", "revise_round": 1}
[2026-05-20 11:05:42] CH1 EVENT {"text": "刀", "revise_round": 1}
[2026-05-20 11:05:42] CH1 EVENT {"text": "鞘", "revise_round": 1}
[2026-05-20 11:05:42] CH1 EVENT {"text": "薄", "revise_round": 1}
[2026-05-20 11:05:42] CH1 EVENT {"text": "薄", "revise_round": 1}
[2026-05-20 11:05:42] CH1 EVENT {"text": "一", "revise_round": 1}
[2026-05-20 11:05:42] CH1 EVENT {"text": "面", "revise_round": 1}
[2026-05-20 11:05:42] CH1 EVENT {"text": "从", "revise_round": 1}
[2026-05-20 11:05:42] CH1 EVENT {"text": "掌", "revise_round": 1}
[2026-05-20 11:05:42] CH1 EVENT {"text": "心", "revise_round": 1}
[2026-05-20 11:05:42] CH1 EVENT {"text": "边", "revise_round": 1}
[2026-05-20 11:05:42] CH1 EVENT {"text": "缘", "revise_round": 1}
[2026-05-20 11:05:42] CH1 EVENT {"text": "刮", "revise_round": 1}
[2026-05-20 11:05:42] CH1 EVENT {"text": "过去", "revise_round": 1}
[2026-05-20 11:05:42] CH1 EVENT {"text": "。", "revise_round": 1}
[2026-05-20 11:05:42] CH1 EVENT {"text": "黑", "revise_round": 1}
[2026-05-20 11:05:42] CH1 EVENT {"text": "灰", "revise_round": 1}
[2026-05-20 11:05:42] CH1 EVENT {"text": "落", "revise_round": 1}
[2026-05-20 11:05:42] CH1 EVENT {"text": "得", "revise_round": 1}
[2026-05-20 11:05:42] CH1 EVENT {"text": "不", "revise_round": 1}
[2026-05-20 11:05:42] CH1 EVENT {"text": "多", "revise_round": 1}
[2026-05-20 11:05:42] CH1 EVENT {"text": "，", "revise_round": 1}
[2026-05-20 11:05:42] CH1 EVENT {"text": "里", "revise_round": 1}
[2026-05-20 11:05:42] CH1 EVENT {"text": "头", "revise_round": 1}
[2026-05-20 11:05:42] CH1 EVENT {"text": "却", "revise_round": 1}
[2026-05-20 11:05:42] CH1 EVENT {"text": "夹", "revise_round": 1}
[2026-05-20 11:05:42] CH1 EVENT {"text": "着", "revise_round": 1}
[2026-05-20 11:05:42] CH1 EVENT {"text": "细", "revise_round": 1}
[2026-05-20 11:05:42] CH1 EVENT {"text": "亮", "revise_round": 1}
[2026-05-20 11:05:42] CH1 EVENT {"text": "碎", "revise_round": 1}
[2026-05-20 11:05:42] CH1 EVENT {"text": "屑", "revise_round": 1}
[2026-05-20 11:05:42] CH1 EVENT {"text": "，", "revise_round": 1}
[2026-05-20 11:05:42] CH1 EVENT {"text": "冷", "revise_round": 1}
[2026-05-20 11:05:42] CH1 EVENT {"text": "硬", "revise_round": 1}
[2026-05-20 11:05:42] CH1 EVENT {"text": "，不", "revise_round": 1}
[2026-05-20 11:05:42] CH1 EVENT {"text": "化", "revise_round": 1}
[2026-05-20 11:05:42] CH1 EVENT {"text": "，还", "revise_round": 1}
[2026-05-20 11:05:42] CH1 EVENT {"text": "带", "revise_round": 1}
[2026-05-20 11:05:42] CH1 EVENT {"text": "着", "revise_round": 1}
[2026-05-20 11:05:42] CH1 EVENT {"text": "一", "revise_round": 1}
[2026-05-20 11:05:42] CH1 EVENT {"text": "股", "revise_round": 1}
[2026-05-20 11:05:42] CH1 EVENT {"text": "焦", "revise_round": 1}
[2026-05-20 11:05:42] CH1 EVENT {"text": "胶", "revise_round": 1}
[2026-05-20 11:05:42] CH1 EVENT {"text": "味", "revise_round": 1}
[2026-05-20 11:05:42] CH1 EVENT {"text": "。他", "revise_round": 1}
[2026-05-20 11:05:42] CH1 EVENT {"text": "没", "revise_round": 1}
[2026-05-20 11:05:42] CH1 EVENT {"text": "去", "revise_round": 1}
[2026-05-20 11:05:42] CH1 EVENT {"text": "烤", "revise_round": 1}
[2026-05-20 11:05:42] CH1 EVENT {"text": "，只", "revise_round": 1}
[2026-05-20 11:05:42] CH1 EVENT {"text": "将", "revise_round": 1}
[2026-05-20 11:05:42] CH1 EVENT {"text": "灰", "revise_round": 1}
[2026-05-20 11:05:42] CH1 EVENT {"text": "屑", "revise_round": 1}
[2026-05-20 11:05:42] CH1 EVENT {"text": "抖", "revise_round": 1}
[2026-05-20 11:05:42] CH1 EVENT {"text": "进", "revise_round": 1}
[2026-05-20 11:05:42] CH1 EVENT {"text": "干", "revise_round": 1}
[2026-05-20 11:05:42] CH1 EVENT {"text": "纸", "revise_round": 1}
[2026-05-20 11:05:42] CH1 EVENT {"text": "，", "revise_round": 1}
[2026-05-20 11:05:42] CH1 EVENT {"text": "外", "revise_round": 1}
[2026-05-20 11:05:42] CH1 EVENT {"text": "头", "revise_round": 1}
[2026-05-20 11:05:42] CH1 EVENT {"text": "再", "revise_round": 1}
[2026-05-20 11:05:42] CH1 EVENT {"text": "裹", "revise_round": 1}
[2026-05-20 11:05:42] CH1 EVENT {"text": "油", "revise_round": 1}
[2026-05-20 11:05:42] CH1 EVENT {"text": "纸", "revise_round": 1}
[2026-05-20 11:05:42] CH1 EVENT {"text": "，", "revise_round": 1}
[2026-05-20 11:05:42] CH1 EVENT {"text": "折", "revise_round": 1}
[2026-05-20 11:05:42] CH1 EVENT {"text": "成", "revise_round": 1}
[2026-05-20 11:05:42] CH1 EVENT {"text": "小", "revise_round": 1}
[2026-05-20 11:05:42] CH1 EVENT {"text": "包", "revise_round": 1}
[2026-05-20 11:05:42] CH1 EVENT {"text": "。", "revise_round": 1}
[2026-05-20 11:05:42] CH1 EVENT {"text": "热", "revise_round": 1}
[2026-05-20 11:05:42] CH1 EVENT {"text": "一", "revise_round": 1}
[2026-05-20 11:05:42] CH1 EVENT {"text": "近", "revise_round": 1}
[2026-05-20 11:05:42] CH1 EVENT {"text": "，", "revise_round": 1}
[2026-05-20 11:05:42] CH1 EVENT {"text": "朱", "revise_round": 1}
[2026-05-20 11:05:42] CH1 EVENT {"text": "砂", "revise_round": 1}
[2026-05-20 11:05:42] CH1 EVENT {"text": "掺", "revise_round": 1}
[2026-05-20 11:05:43] CH1 EVENT {"text": "胶", "revise_round": 1}
[2026-05-20 11:05:43] CH1 EVENT {"text": "的", "revise_round": 1}
[2026-05-20 11:05:43] CH1 EVENT {"text": "边", "revise_round": 1}
[2026-05-20 11:05:43] CH1 EVENT {"text": "就", "revise_round": 1}
[2026-05-20 11:05:43] CH1 EVENT {"text": "散", "revise_round": 1}
[2026-05-20 11:05:43] CH1 EVENT {"text": "。", "revise_round": 1}
[2026-05-20 11:05:43] CH1 EVENT {"text": "这个", "revise_round": 1}
[2026-05-20 11:05:43] CH1 EVENT {"text": "道", "revise_round": 1}
[2026-05-20 11:05:43] CH1 EVENT {"text": "理", "revise_round": 1}
[2026-05-20 11:05:43] CH1 EVENT {"text": "，他", "revise_round": 1}
[2026-05-20 11:05:43] CH1 EVENT {"text": "比", "revise_round": 1}
[2026-05-20 11:05:43] CH1 EVENT {"text": "谁", "revise_round": 1}
[2026-05-20 11:05:43] CH1 EVENT {"text": "都", "revise_round": 1}
[2026-05-20 11:05:43] CH1 EVENT {"text": "清", "revise_round": 1}
[2026-05-20 11:05:43] CH1 EVENT {"text": "楚", "revise_round": 1}
[2026-05-20 11:05:43] CH1 EVENT {"text": "。\n\n", "revise_round": 1}
[2026-05-20 11:05:43] CH1 EVENT {"text": "尸", "revise_round": 1}
[2026-05-20 11:05:43] CH1 EVENT {"text": "手", "revise_round": 1}
[2026-05-20 11:05:43] CH1 EVENT {"text": "摊", "revise_round": 1}
[2026-05-20 11:05:43] CH1 EVENT {"text": "在", "revise_round": 1}
[2026-05-20 11:05:43] CH1 EVENT {"text": "外", "revise_round": 1}
[2026-05-20 11:05:43] CH1 EVENT {"text": "头", "revise_round": 1}
[2026-05-20 11:05:43] CH1 EVENT {"text": "，", "revise_round": 1}
[2026-05-20 11:05:43] CH1 EVENT {"text": "指", "revise_round": 1}
[2026-05-20 11:05:43] CH1 EVENT {"text": "缝", "revise_round": 1}
[2026-05-20 11:05:43] CH1 EVENT {"text": "发", "revise_round": 1}
[2026-05-20 11:05:43] CH1 EVENT {"text": "乌", "revise_round": 1}
[2026-05-20 11:05:43] CH1 EVENT {"text": "。", "revise_round": 1}
[2026-05-20 11:05:43] CH1 EVENT {"text": "沈", "revise_round": 1}
[2026-05-20 11:05:43] CH1 EVENT {"text": "照", "revise_round": 1}
[2026-05-20 11:05:43] CH1 EVENT {"text": "视", "revise_round": 1}
[2026-05-20 11:05:43] CH1 EVENT {"text": "线", "revise_round": 1}
[2026-05-20 11:05:43] CH1 EVENT {"text": "落", "revise_round": 1}
[2026-05-20 11:05:43] CH1 EVENT {"text": "在", "revise_round": 1}
[2026-05-20 11:05:43] CH1 EVENT {"text": "虎", "revise_round": 1}
[2026-05-20 11:05:43] CH1 EVENT {"text": "口", "revise_round": 1}
[2026-05-20 11:05:43] CH1 EVENT {"text": "和", "revise_round": 1}
[2026-05-20 11:05:43] CH1 EVENT {"text": "脚", "revise_round": 1}
[2026-05-20 11:05:43] CH1 EVENT {"text": "跟", "revise_round": 1}
[2026-05-20 11:05:43] CH1 EVENT {"text": "，", "revise_round": 1}
[2026-05-20 11:05:43] CH1 EVENT {"text": "膝", "revise_round": 1}
[2026-05-20 11:05:43] CH1 EVENT {"text": "面", "revise_round": 1}
[2026-05-20 11:05:43] CH1 EVENT {"text": "没", "revise_round": 1}
[2026-05-20 11:05:43] CH1 EVENT {"text": "裂", "revise_round": 1}
[2026-05-20 11:05:43] CH1 EVENT {"text": "，", "revise_round": 1}
[2026-05-20 11:05:43] CH1 EVENT {"text": "鞋", "revise_round": 1}
[2026-05-20 11:05:43] CH1 EVENT {"text": "底", "revise_round": 1}
[2026-05-20 11:05:43] CH1 EVENT {"text": "拖", "revise_round": 1}
[2026-05-20 11:05:43] CH1 EVENT {"text": "出", "revise_round": 1}
[2026-05-20 11:05:43] CH1 EVENT {"text": "一道", "revise_round": 1}
[2026-05-20 11:05:43] CH1 EVENT {"text": "浅", "revise_round": 1}
[2026-05-20 11:05:43] CH1 EVENT {"text": "槽", "revise_round": 1}
[2026-05-20 11:05:43] CH1 EVENT {"text": "，", "revise_round": 1}
[2026-05-20 11:05:43] CH1 EVENT {"text": "拖", "revise_round": 1}
[2026-05-20 11:05:43] CH1 EVENT {"text": "痕", "revise_round": 1}
[2026-05-20 11:05:43] CH1 EVENT {"text": "从", "revise_round": 1}
[2026-05-20 11:05:43] CH1 EVENT {"text": "槛", "revise_round": 1}
[2026-05-20 11:05:43] CH1 EVENT {"text": "外", "revise_round": 1}
[2026-05-20 11:05:43] CH1 EVENT {"text": "斜", "revise_round": 1}
[2026-05-20 11:05:43] CH1 EVENT {"text": "进", "revise_round": 1}
[2026-05-20 11:05:43] CH1 EVENT {"text": "来", "revise_round": 1}
[2026-05-20 11:05:43] CH1 EVENT {"text": "，", "revise_round": 1}
[2026-05-20 11:05:43] CH1 EVENT {"text": "到了", "revise_round": 1}
[2026-05-20 11:05:43] CH1 EVENT {"text": "门", "revise_round": 1}
[2026-05-20 11:05:43] CH1 EVENT {"text": "口", "revise_round": 1}
[2026-05-20 11:05:43] CH1 EVENT {"text": "才", "revise_round": 1}
[2026-05-20 11:05:43] CH1 EVENT {"text": "收", "revise_round": 1}
[2026-05-20 11:05:43] CH1 EVENT {"text": "窄", "revise_round": 1}
[2026-05-20 11:05:43] CH1 EVENT {"text": "。", "revise_round": 1}
[2026-05-20 11:05:43] CH1 EVENT {"text": "没有", "revise_round": 1}
[2026-05-20 11:05:43] CH1 EVENT {"text": "猛", "revise_round": 1}
[2026-05-20 11:05:43] CH1 EVENT {"text": "跪", "revise_round": 1}
[2026-05-20 11:05:43] CH1 EVENT {"text": "的", "revise_round": 1}
[2026-05-20 11:05:43] CH1 EVENT {"text": "乱", "revise_round": 1}
[2026-05-20 11:05:43] CH1 EVENT {"text": "溅", "revise_round": 1}
[2026-05-20 11:05:43] CH1 EVENT {"text": "，也", "revise_round": 1}
[2026-05-20 11:05:43] CH1 EVENT {"text": "没有", "revise_round": 1}
[2026-05-20 11:05:43] CH1 EVENT {"text": "当", "revise_round": 1}
[2026-05-20 11:05:43] CH1 EVENT {"text": "场", "revise_round": 1}
[2026-05-20 11:05:43] CH1 EVENT {"text": "折", "revise_round": 1}
[2026-05-20 11:05:43] CH1 EVENT {"text": "膝", "revise_round": 1}
[2026-05-20 11:05:43] CH1 EVENT {"text": "的", "revise_round": 1}
[2026-05-20 11:05:43] CH1 EVENT {"text": "痕", "revise_round": 1}
[2026-05-20 11:05:43] CH1 EVENT {"text": "。\n\n", "revise_round": 1}
[2026-05-20 11:05:43] CH1 EVENT {"text": "太", "revise_round": 1}
[2026-05-20 11:05:43] CH1 EVENT {"text": "齐", "revise_round": 1}
[2026-05-20 11:05:43] CH1 EVENT {"text": "了", "revise_round": 1}
[2026-05-20 11:05:43] CH1 EVENT {"text": "。\n\n", "revise_round": 1}
[2026-05-20 11:05:43] CH1 EVENT {"text": "不是", "revise_round": 1}
[2026-05-20 11:05:43] CH1 EVENT {"text": "跪", "revise_round": 1}
[2026-05-20 11:05:43] CH1 EVENT {"text": "死", "revise_round": 1}
[2026-05-20 11:05:43] CH1 EVENT {"text": "在", "revise_round": 1}
[2026-05-20 11:05:43] CH1 EVENT {"text": "这", "revise_round": 1}
[2026-05-20 11:05:43] CH1 EVENT {"text": "儿", "revise_round": 1}
[2026-05-20 11:05:43] CH1 EVENT {"text": "。\n\n", "revise_round": 1}
[2026-05-20 11:05:43] CH1 EVENT {"text": "他", "revise_round": 1}
[2026-05-20 11:05:43] CH1 EVENT {"text": "没", "revise_round": 1}
[2026-05-20 11:05:43] CH1 EVENT {"text": "急", "revise_round": 1}
[2026-05-20 11:05:43] CH1 EVENT {"text": "着", "revise_round": 1}
[2026-05-20 11:05:43] CH1 EVENT {"text": "喊", "revise_round": 1}
[2026-05-20 11:05:43] CH1 EVENT {"text": "人", "revise_round": 1}
[2026-05-20 11:05:43] CH1 EVENT {"text": "，", "revise_round": 1}
[2026-05-20 11:05:43] CH1 EVENT {"text": "先", "revise_round": 1}
[2026-05-20 11:05:43] CH1 EVENT {"text": "抬", "revise_round": 1}
[2026-05-20 11:05:43] CH1 EVENT {"text": "眼", "revise_round": 1}
[2026-05-20 11:05:43] CH1 EVENT {"text": "往", "revise_round": 1}
[2026-05-20 11:05:43] CH1 EVENT {"text": "巷", "revise_round": 1}
[2026-05-20 11:05:43] CH1 EVENT {"text": "口", "revise_round": 1}
[2026-05-20 11:05:43] CH1 EVENT {"text": "看", "revise_round": 1}
[2026-05-20 11:05:43] CH1 EVENT {"text": "。", "revise_round": 1}
[2026-05-20 11:05:43] CH1 EVENT {"text": "北", "revise_round": 1}
[2026-05-20 11:05:43] CH1 EVENT {"text": "城", "revise_round": 1}
[2026-05-20 11:05:43] CH1 EVENT {"text": "夜", "revise_round": 1}
[2026-05-20 11:05:43] CH1 EVENT {"text": "巡", "revise_round": 1}
[2026-05-20 11:05:43] CH1 EVENT {"text": "按", "revise_round": 1}
[2026-05-20 11:05:43] CH1 EVENT {"text": "段", "revise_round": 1}
[2026-05-20 11:05:43] CH1 EVENT {"text": "贴", "revise_round": 1}
[2026-05-20 11:05:43] CH1 EVENT {"text": "街", "revise_round": 1}
[2026-05-20 11:05:43] CH1 EVENT {"text": "，", "revise_round": 1}
[2026-05-20 11:05:44] CH1 EVENT {"text": "百", "revise_round": 1}
[2026-05-20 11:05:44] CH1 EVENT {"text": "步", "revise_round": 1}
[2026-05-20 11:05:44] CH1 EVENT {"text": "外", "revise_round": 1}
[2026-05-20 11:05:44] CH1 EVENT {"text": "那", "revise_round": 1}
[2026-05-20 11:05:44] CH1 EVENT {"text": "拨", "revise_round": 1}
[2026-05-20 11:05:44] CH1 EVENT {"text": "巡", "revise_round": 1}
[2026-05-20 11:05:44] CH1 EVENT {"text": "火", "revise_round": 1}
[2026-05-20 11:05:44] CH1 EVENT {"text": "还", "revise_round": 1}
[2026-05-20 11:05:44] CH1 EVENT {"text": "没", "revise_round": 1}
[2026-05-20 11:05:44] CH1 EVENT {"text": "收", "revise_round": 1}
[2026-05-20 11:05:44] CH1 EVENT {"text": "。", "revise_round": 1}
[2026-05-20 11:05:44] CH1 EVENT {"text": "雨", "revise_round": 1}
[2026-05-20 11:05:44] CH1 EVENT {"text": "声", "revise_round": 1}
[2026-05-20 11:05:44] CH1 EVENT {"text": "压", "revise_round": 1}
[2026-05-20 11:05:44] CH1 EVENT {"text": "得", "revise_round": 1}
[2026-05-20 11:05:44] CH1 EVENT {"text": "梆", "revise_round": 1}
[2026-05-20 11:05:44] CH1 EVENT {"text": "响", "revise_round": 1}
[2026-05-20 11:05:44] CH1 EVENT {"text": "发", "revise_round": 1}
[2026-05-20 11:05:44] CH1 EVENT {"text": "闷", "revise_round": 1}
[2026-05-20 11:05:44] CH1 EVENT {"text": "，他", "revise_round": 1}
[2026-05-20 11:05:44] CH1 EVENT {"text": "便", "revise_round": 1}
[2026-05-20 11:05:44] CH1 EVENT {"text": "用", "revise_round": 1}
[2026-05-20 11:05:44] CH1 EVENT {"text": "刀", "revise_round": 1}
[2026-05-20 11:05:44] CH1 EVENT {"text": "鞘", "revise_round": 1}
[2026-05-20 11:05:44] CH1 EVENT {"text": "在", "revise_round": 1}
[2026-05-20 11:05:44] CH1 EVENT {"text": "门", "revise_round": 1}
[2026-05-20 11:05:44] CH1 EVENT {"text": "板", "revise_round": 1}
[2026-05-20 11:05:44] CH1 EVENT {"text": "边", "revise_round": 1}
[2026-05-20 11:05:44] CH1 EVENT {"text": "叩", "revise_round": 1}
[2026-05-20 11:05:44] CH1 EVENT {"text": "了", "revise_round": 1}
[2026-05-20 11:05:44] CH1 EVENT {"text": "三", "revise_round": 1}
[2026-05-20 11:05:44] CH1 EVENT {"text": "下", "revise_round": 1}
[2026-05-20 11:05:44] CH1 EVENT {"text": "，", "revise_round": 1}
[2026-05-20 11:05:44] CH1 EVENT {"text": "短", "revise_round": 1}
[2026-05-20 11:05:44] CH1 EVENT {"text": "、", "revise_round": 1}
[2026-05-20 11:05:44] CH1 EVENT {"text": "急", "revise_round": 1}
[2026-05-20 11:05:44] CH1 EVENT {"text": "、", "revise_round": 1}
[2026-05-20 11:05:44] CH1 EVENT {"text": "齐", "revise_round": 1}
[2026-05-20 11:05:44] CH1 EVENT {"text": "。", "revise_round": 1}
[2026-05-20 11:05:44] CH1 EVENT {"text": "先", "revise_round": 1}
[2026-05-20 11:05:44] CH1 EVENT {"text": "见", "revise_round": 1}
[2026-05-20 11:05:44] CH1 EVENT {"text": "风", "revise_round": 1}
[2026-05-20 11:05:44] CH1 EVENT {"text": "灯", "revise_round": 1}
[2026-05-20 11:05:44] CH1 EVENT {"text": "，再", "revise_round": 1}
[2026-05-20 11:05:44] CH1 EVENT {"text": "听", "revise_round": 1}
[2026-05-20 11:05:44] CH1 EVENT {"text": "回", "revise_round": 1}
[2026-05-20 11:05:44] CH1 EVENT {"text": "梆", "revise_round": 1}
[2026-05-20 11:05:44] CH1 EVENT {"text": "，", "revise_round": 1}
[2026-05-20 11:05:44] CH1 EVENT {"text": "才", "revise_round": 1}
[2026-05-20 11:05:45] CH1 EVENT {"text": "不", "revise_round": 1}
[2026-05-20 11:05:45] CH1 EVENT {"text": "算", "revise_round": 1}
[2026-05-20 11:05:45] CH1 EVENT {"text": "惊", "revise_round": 1}
[2026-05-20 11:05:45] CH1 EVENT {"text": "街", "revise_round": 1}
[2026-05-20 11:05:45] CH1 EVENT {"text": "。\n\n", "revise_round": 1}
[2026-05-20 11:05:45] CH1 EVENT {"text": "巷", "revise_round": 1}
[2026-05-20 11:05:45] CH1 EVENT {"text": "口", "revise_round": 1}
[2026-05-20 11:05:45] CH1 EVENT {"text": "那", "revise_round": 1}
[2026-05-20 11:05:45] CH1 EVENT {"text": "点", "revise_round": 1}
[2026-05-20 11:05:45] CH1 EVENT {"text": "风", "revise_round": 1}
[2026-05-20 11:05:45] CH1 EVENT {"text": "灯", "revise_round": 1}
[2026-05-20 11:05:45] CH1 EVENT {"text": "晃", "revise_round": 1}
[2026-05-20 11:05:45] CH1 EVENT {"text": "了一", "revise_round": 1}
[2026-05-20 11:05:45] CH1 EVENT {"text": "下", "revise_round": 1}
[2026-05-20 11:05:45] CH1 EVENT {"text": "，", "revise_round": 1}
[2026-05-20 11:05:45] CH1 EVENT {"text": "像", "revise_round": 1}
[2026-05-20 11:05:45] CH1 EVENT {"text": "被", "revise_round": 1}
[2026-05-20 11:05:45] CH1 EVENT {"text": "雨", "revise_round": 1}
[2026-05-20 11:05:45] CH1 EVENT {"text": "抽", "revise_round": 1}
[2026-05-20 11:05:45] CH1 EVENT {"text": "偏", "revise_round": 1}
[2026-05-20 11:05:45] CH1 EVENT {"text": "。", "revise_round": 1}
[2026-05-20 11:05:45] CH1 EVENT {"text": "过", "revise_round": 1}
[2026-05-20 11:05:45] CH1 EVENT {"text": "了", "revise_round": 1}
[2026-05-20 11:05:45] CH1 EVENT {"text": "十", "revise_round": 1}
[2026-05-20 11:05:45] CH1 EVENT {"text": "几", "revise_round": 1}
[2026-05-20 11:05:45] CH1 EVENT {"text": "息", "revise_round": 1}
[2026-05-20 11:05:45] CH1 EVENT {"text": "，", "revise_round": 1}
[2026-05-20 11:05:45] CH1 EVENT {"text": "靴", "revise_round": 1}
[2026-05-20 11:05:45] CH1 EVENT {"text": "底", "revise_round": 1}
[2026-05-20 11:05:45] CH1 EVENT {"text": "踩", "revise_round": 1}
[2026-05-20 11:05:45] CH1 EVENT {"text": "水", "revise_round": 1}
[2026-05-20 11:05:45] CH1 EVENT {"text": "的", "revise_round": 1}
[2026-05-20 11:05:45] CH1 EVENT {"text": "声音", "revise_round": 1}
[2026-05-20 11:05:45] CH1 EVENT {"text": "才", "revise_round": 1}
[2026-05-20 11:05:45] CH1 EVENT {"text": "从", "revise_round": 1}
[2026-05-20 11:05:45] CH1 EVENT {"text": "两", "revise_round": 1}
[2026-05-20 11:05:45] CH1 EVENT {"text": "头", "revise_round": 1}
[2026-05-20 11:05:45] CH1 EVENT {"text": "拢", "revise_round": 1}
[2026-05-20 11:05:45] CH1 EVENT {"text": "过", "revise_round": 1}
[2026-05-20 11:05:45] CH1 EVENT {"text": "来", "revise_round": 1}
[2026-05-20 11:05:45] CH1 EVENT {"text": "。", "revise_round": 1}
[2026-05-20 11:05:45] CH1 EVENT {"text": "先", "revise_round": 1}
[2026-05-20 11:05:45] CH1 EVENT {"text": "到", "revise_round": 1}
[2026-05-20 11:05:45] CH1 EVENT {"text": "的是", "revise_round": 1}
[2026-05-20 11:05:45] CH1 EVENT {"text": "年", "revise_round": 1}
[2026-05-20 11:05:45] CH1 EVENT {"text": "长", "revise_round": 1}
[2026-05-20 11:05:45] CH1 EVENT {"text": "巡", "revise_round": 1}
[2026-05-20 11:05:45] CH1 EVENT {"text": "卒", "revise_round": 1}
[2026-05-20 11:05:45] CH1 EVENT {"text": "，", "revise_round": 1}
[2026-05-20 11:05:45] CH1 EVENT {"text": "肩", "revise_round": 1}
[2026-05-20 11:05:45] CH1 EVENT {"text": "头", "revise_round": 1}
[2026-05-20 11:05:46] CH1 EVENT {"text": "披", "revise_round": 1}
[2026-05-20 11:05:46] CH1 EVENT {"text": "水", "revise_round": 1}
[2026-05-20 11:05:46] CH1 EVENT {"text": "，", "revise_round": 1}
[2026-05-20 11:05:46] CH1 EVENT {"text": "后", "revise_round": 1}
[2026-05-20 11:05:46] CH1 EVENT {"text": "头", "revise_round": 1}
[2026-05-20 11:05:46] CH1 EVENT {"text": "跟", "revise_round": 1}
[2026-05-20 11:05:46] CH1 EVENT {"text": "着", "revise_round": 1}
[2026-05-20 11:05:46] CH1 EVENT {"text": "年轻", "revise_round": 1}
[2026-05-20 11:05:46] CH1 EVENT {"text": "那个", "revise_round": 1}
[2026-05-20 11:05:46] CH1 EVENT {"text": "，", "revise_round": 1}
[2026-05-20 11:05:46] CH1 EVENT {"text": "手", "revise_round": 1}
[2026-05-20 11:05:46] CH1 EVENT {"text": "里", "revise_round": 1}
[2026-05-20 11:05:46] CH1 EVENT {"text": "挑", "revise_round": 1}
[2026-05-20 11:05:46] CH1 EVENT {"text": "着", "revise_round": 1}
[2026-05-20 11:05:46] CH1 EVENT {"text": "风", "revise_round": 1}
[2026-05-20 11:05:46] CH1 EVENT {"text": "灯", "revise_round": 1}
[2026-05-20 11:05:46] CH1 EVENT {"text": "，", "revise_round": 1}
[2026-05-20 11:05:46] CH1 EVENT {"text": "另一", "revise_round": 1}
[2026-05-20 11:05:46] CH1 EVENT {"text": "只", "revise_round": 1}
[2026-05-20 11:05:46] CH1 EVENT {"text": "胳", "revise_round": 1}
[2026-05-20 11:05:46] CH1 EVENT {"text": "膊", "revise_round": 1}
[2026-05-20 11:05:46] CH1 EVENT {"text": "夹", "revise_round": 1}
[2026-05-20 11:05:46] CH1 EVENT {"text": "着", "revise_round": 1}
[2026-05-20 11:05:46] CH1 EVENT {"text": "湿", "revise_round": 1}
[2026-05-20 11:05:46] CH1 EVENT {"text": "席", "revise_round": 1}
[2026-05-20 11:05:46] CH1 EVENT {"text": "和", "revise_round": 1}
[2026-05-20 11:05:46] CH1 EVENT {"text": "两", "revise_round": 1}
[2026-05-20 11:05:46] CH1 EVENT {"text": "根", "revise_round": 1}
[2026-05-20 11:05:46] CH1 EVENT {"text": "短", "revise_round": 1}
[2026-05-20 11:05:46] CH1 EVENT {"text": "杆", "revise_round": 1}
[2026-05-20 11:05:46] CH1 EVENT {"text": "。", "revise_round": 1}
[2026-05-20 11:05:46] CH1 EVENT {"text": "再", "revise_round": 1}
[2026-05-20 11:05:46] CH1 EVENT {"text": "远", "revise_round": 1}
[2026-05-20 11:05:46] CH1 EVENT {"text": "些", "revise_round": 1}
[2026-05-20 11:05:46] CH1 EVENT {"text": "，", "revise_round": 1}
[2026-05-20 11:05:46] CH1 EVENT {"text": "抱", "revise_round": 1}
[2026-05-20 11:05:46] CH1 EVENT {"text": "梆", "revise_round": 1}
[2026-05-20 11:05:46] CH1 EVENT {"text": "的", "revise_round": 1}
[2026-05-20 11:05:46] CH1 EVENT {"text": "老", "revise_round": 1}
[2026-05-20 11:05:46] CH1 EVENT {"text": "更", "revise_round": 1}
[2026-05-20 11:05:46] CH1 EVENT {"text": "夫", "revise_round": 1}
[2026-05-20 11:05:46] CH1 EVENT {"text": "被", "revise_round": 1}
[2026-05-20 11:05:46] CH1 EVENT {"text": "别", "revise_round": 1}
[2026-05-20 11:05:46] CH1 EVENT {"text": "的", "revise_round": 1}
[2026-05-20 11:05:46] CH1 EVENT {"text": "差", "revise_round": 1}
[2026-05-20 11:05:46] CH1 EVENT {"text": "役", "revise_round": 1}
[2026-05-20 11:05:46] CH1 EVENT {"text": "按", "revise_round": 1}
[2026-05-20 11:05:46] CH1 EVENT {"text": "在", "revise_round": 1}
[2026-05-20 11:05:46] CH1 EVENT {"text": "檐", "revise_round": 1}
[2026-05-20 11:05:46] CH1 EVENT {"text": "柱", "revise_round": 1}
[2026-05-20 11:05:46] CH1 EVENT {"text": "下", "revise_round": 1}
[2026-05-20 11:05:47] CH1 EVENT {"text": "，", "revise_round": 1}
[2026-05-20 11:05:47] CH1 EVENT {"text": "脸", "revise_round": 1}
[2026-05-20 11:05:47] CH1 EVENT {"text": "白", "revise_round": 1}
[2026-05-20 11:05:47] CH1 EVENT {"text": "得", "revise_round": 1}
[2026-05-20 11:05:47] CH1 EVENT {"text": "像", "revise_round": 1}
[2026-05-20 11:05:47] CH1 EVENT {"text": "刷", "revise_round": 1}
[2026-05-20 11:05:47] CH1 EVENT {"text": "了", "revise_round": 1}
[2026-05-20 11:05:47] CH1 EVENT {"text": "粉", "revise_round": 1}
[2026-05-20 11:05:47] CH1 EVENT {"text": "，", "revise_round": 1}
[2026-05-20 11:05:47] CH1 EVENT {"text": "谁", "revise_round": 1}
[2026-05-20 11:05:47] CH1 EVENT {"text": "也", "revise_round": 1}
[2026-05-20 11:05:47] CH1 EVENT {"text": "没", "revise_round": 1}
[2026-05-20 11:05:47] CH1 EVENT {"text": "让", "revise_round": 1}
[2026-05-20 11:05:47] CH1 EVENT {"text": "他", "revise_round": 1}
[2026-05-20 11:05:47] CH1 EVENT {"text": "再", "revise_round": 1}
[2026-05-20 11:05:47] CH1 EVENT {"text": "往", "revise_round": 1}
[2026-05-20 11:05:47] CH1 EVENT {"text": "里", "revise_round": 1}
[2026-05-20 11:05:47] CH1 EVENT {"text": "挪", "revise_round": 1}
[2026-05-20 11:05:47] CH1 EVENT {"text": "一步", "revise_round": 1}
[2026-05-20 11:05:47] CH1 EVENT {"text": "。\n\n", "revise_round": 1}
[2026-05-20 11:05:47] CH1 EVENT {"text": "年", "revise_round": 1}
[2026-05-20 11:05:47] CH1 EVENT {"text": "长", "revise_round": 1}
[2026-05-20 11:05:47] CH1 EVENT {"text": "巡", "revise_round": 1}
[2026-05-20 11:05:47] CH1 EVENT {"text": "卒", "revise_round": 1}
[2026-05-20 11:05:47] CH1 EVENT {"text": "一", "revise_round": 1}
[2026-05-20 11:05:47] CH1 EVENT {"text": "进", "revise_round": 1}
[2026-05-20 11:05:47] CH1 EVENT {"text": "巷", "revise_round": 1}
[2026-05-20 11:05:47] CH1 EVENT {"text": "就", "revise_round": 1}
[2026-05-20 11:05:47] CH1 EVENT {"text": "收", "revise_round": 1}
[2026-05-20 11:05:47] CH1 EVENT {"text": "声", "revise_round": 1}
[2026-05-20 11:05:47] CH1 EVENT {"text": "，", "revise_round": 1}
[2026-05-20 11:05:47] CH1 EVENT {"text": "先", "revise_round": 1}
[2026-05-20 11:05:47] CH1 EVENT {"text": "看", "revise_round": 1}
[2026-05-20 11:05:47] CH1 EVENT {"text": "尸", "revise_round": 1}
[2026-05-20 11:05:47] CH1 EVENT {"text": "，再", "revise_round": 1}
[2026-05-20 11:05:47] CH1 EVENT {"text": "看", "revise_round": 1}
[2026-05-20 11:05:47] CH1 EVENT {"text": "灯", "revise_round": 1}
[2026-05-20 11:05:47] CH1 EVENT {"text": "，", "revise_round": 1}
[2026-05-20 11:05:47] CH1 EVENT {"text": "脸", "revise_round": 1}
[2026-05-20 11:05:47] CH1 EVENT {"text": "皮", "revise_round": 1}
[2026-05-20 11:05:47] CH1 EVENT {"text": "发", "revise_round": 1}
[2026-05-20 11:05:47] CH1 EVENT {"text": "紧", "revise_round": 1}
[2026-05-20 11:05:47] CH1 EVENT {"text": "。", "revise_round": 1}
[2026-05-20 11:05:47] CH1 EVENT {"text": "沈", "revise_round": 1}
[2026-05-20 11:05:47] CH1 EVENT {"text": "照", "revise_round": 1}
[2026-05-20 11:05:47] CH1 EVENT {"text": "指", "revise_round": 1}
[2026-05-20 11:05:47] CH1 EVENT {"text": "着", "revise_round": 1}
[2026-05-20 11:05:48] CH1 EVENT {"text": "门", "revise_round": 1}
[2026-05-20 11:05:48] CH1 EVENT {"text": "槛", "revise_round": 1}
[2026-05-20 11:05:48] CH1 EVENT {"text": "：“", "revise_round": 1}
[2026-05-20 11:05:48] CH1 EVENT {"text": "记", "revise_round": 1}
[2026-05-20 11:05:48] CH1 EVENT {"text": "。", "revise_round": 1}
[2026-05-20 11:05:48] CH1 EVENT {"text": "灯", "revise_round": 1}
[2026-05-20 11:05:48] CH1 EVENT {"text": "位", "revise_round": 1}
[2026-05-20 11:05:48] CH1 EVENT {"text": "、", "revise_round": 1}
[2026-05-20 11:05:48] CH1 EVENT {"text": "尸", "revise_round": 1}
[2026-05-20 11:05:48] CH1 EVENT {"text": "位", "revise_round": 1}
[2026-05-20 11:05:48] CH1 EVENT {"text": "、", "revise_round": 1}
[2026-05-20 11:05:48] CH1 EVENT {"text": "掌", "revise_round": 1}
[2026-05-20 11:05:48] CH1 EVENT {"text": "灰", "revise_round": 1}
[2026-05-20 11:05:48] CH1 EVENT {"text": "，一", "revise_round": 1}
[2026-05-20 11:05:48] CH1 EVENT {"text": "字", "revise_round": 1}
[2026-05-20 11:05:48] CH1 EVENT {"text": "别", "revise_round": 1}
[2026-05-20 11:05:48] CH1 EVENT {"text": "漏", "revise_round": 1}
[2026-05-20 11:05:49] CH1 EVENT {"text": "。”", "revise_round": 1}
[2026-05-20 11:05:49] CH1 EVENT {"text": "他", "revise_round": 1}
[2026-05-20 11:05:49] CH1 EVENT {"text": "把", "revise_round": 1}
[2026-05-20 11:05:49] CH1 EVENT {"text": "裹", "revise_round": 1}
[2026-05-20 11:05:49] CH1 EVENT {"text": "好的", "revise_round": 1}
[2026-05-20 11:05:49] CH1 EVENT {"text": "灰", "revise_round": 1}
[2026-05-20 11:05:49] CH1 EVENT {"text": "包", "revise_round": 1}
[2026-05-20 11:05:49] CH1 EVENT {"text": "摊", "revise_round": 1}
[2026-05-20 11:05:49] CH1 EVENT {"text": "在", "revise_round": 1}
[2026-05-20 11:05:49] CH1 EVENT {"text": "巡", "revise_round": 1}
[2026-05-20 11:05:49] CH1 EVENT {"text": "簿", "revise_round": 1}
[2026-05-20 11:05:49] CH1 EVENT {"text": "边", "revise_round": 1}
[2026-05-20 11:05:49] CH1 EVENT {"text": "上", "revise_round": 1}
[2026-05-20 11:05:50] CH1 EVENT {"text": "，让", "revise_round": 1}
[2026-05-20 11:05:50] CH1 EVENT {"text": "人", "revise_round": 1}
[2026-05-20 11:05:50] CH1 EVENT {"text": "先", "revise_round": 1}
[2026-05-20 11:05:50] CH1 EVENT {"text": "看", "revise_round": 1}
[2026-05-20 11:05:50] CH1 EVENT {"text": "见", "revise_round": 1}
[2026-05-20 11:05:50] CH1 EVENT {"text": "封", "revise_round": 1}
[2026-05-20 11:05:50] CH1 EVENT {"text": "口", "revise_round": 1}
[2026-05-20 11:05:50] CH1 EVENT {"text": "，再", "revise_round": 1}
[2026-05-20 11:05:50] CH1 EVENT {"text": "把", "revise_round": 1}
[2026-05-20 11:05:50] CH1 EVENT {"text": "自己的", "revise_round": 1}
[2026-05-20 11:05:50] CH1 EVENT {"text": "值", "revise_round": 1}
[2026-05-20 11:05:50] CH1 EVENT {"text": "夜", "revise_round": 1}
[2026-05-20 11:05:50] CH1 EVENT {"text": "铜", "revise_round": 1}
[2026-05-20 11:05:50] CH1 EVENT {"text": "牌", "revise_round": 1}
[2026-05-20 11:05:50] CH1 EVENT {"text": "压", "revise_round": 1}
[2026-05-20 11:05:50] CH1 EVENT {"text": "在", "revise_round": 1}
[2026-05-20 11:05:50] CH1 EVENT {"text": "外", "revise_round": 1}
[2026-05-20 11:05:50] CH1 EVENT {"text": "层", "revise_round": 1}
[2026-05-20 11:05:50] CH1 EVENT {"text": "，", "revise_round": 1}
[2026-05-20 11:05:50] CH1 EVENT {"text": "叫", "revise_round": 1}
[2026-05-20 11:05:50] CH1 EVENT {"text": "年", "revise_round": 1}
[2026-05-20 11:05:50] CH1 EVENT {"text": "长", "revise_round": 1}
[2026-05-20 11:05:50] CH1 EVENT {"text": "巡", "revise_round": 1}
[2026-05-20 11:05:50] CH1 EVENT {"text": "卒", "revise_round": 1}
[2026-05-20 11:05:50] CH1 EVENT {"text": "在", "revise_round": 1}
[2026-05-20 11:05:50] CH1 EVENT {"text": "旁", "revise_round": 1}
[2026-05-20 11:05:50] CH1 EVENT {"text": "边", "revise_round": 1}
[2026-05-20 11:05:50] CH1 EVENT {"text": "写", "revise_round": 1}
[2026-05-20 11:05:50] CH1 EVENT {"text": "字", "revise_round": 1}
[2026-05-20 11:05:50] CH1 EVENT {"text": "：", "revise_round": 1}
[2026-05-20 11:05:50] CH1 EVENT {"text": "何", "revise_round": 1}
[2026-05-20 11:05:50] CH1 EVENT {"text": "时", "revise_round": 1}
[2026-05-20 11:05:50] CH1 EVENT {"text": "见", "revise_round": 1}
[2026-05-20 11:05:50] CH1 EVENT {"text": "尸", "revise_round": 1}
[2026-05-20 11:05:50] CH1 EVENT {"text": "，", "revise_round": 1}
[2026-05-20 11:05:50] CH1 EVENT {"text": "何", "revise_round": 1}
[2026-05-20 11:05:50] CH1 EVENT {"text": "处", "revise_round": 1}
[2026-05-20 11:05:50] CH1 EVENT {"text": "取", "revise_round": 1}
[2026-05-20 11:05:50] CH1 EVENT {"text": "灰", "revise_round": 1}
[2026-05-20 11:05:50] CH1 EVENT {"text": "，", "revise_round": 1}
[2026-05-20 11:05:50] CH1 EVENT {"text": "谁", "revise_round": 1}
[2026-05-20 11:05:50] CH1 EVENT {"text": "在", "revise_round": 1}
[2026-05-20 11:05:50] CH1 EVENT {"text": "场", "revise_round": 1}
[2026-05-20 11:05:50] CH1 EVENT {"text": "见", "revise_round": 1}
[2026-05-20 11:05:50] CH1 EVENT {"text": "证", "revise_round": 1}
[2026-05-20 11:05:50] CH1 EVENT {"text": "。", "revise_round": 1}
[2026-05-20 11:05:50] CH1 EVENT {"text": "那", "revise_round": 1}
[2026-05-20 11:05:50] CH1 EVENT {"text": "巡", "revise_round": 1}
[2026-05-20 11:05:50] CH1 EVENT {"text": "卒", "revise_round": 1}
[2026-05-20 11:05:50] CH1 EVENT {"text": "手", "revise_round": 1}
[2026-05-20 11:05:50] CH1 EVENT {"text": "在", "revise_round": 1}
[2026-05-20 11:05:50] CH1 EVENT {"text": "抖", "revise_round": 1}
[2026-05-20 11:05:50] CH1 EVENT {"text": "，", "revise_round": 1}
[2026-05-20 11:05:50] CH1 EVENT {"text": "字", "revise_round": 1}
[2026-05-20 11:05:50] CH1 EVENT {"text": "却", "revise_round": 1}
[2026-05-20 11:05:50] CH1 EVENT {"text": "没", "revise_round": 1}
[2026-05-20 11:05:50] CH1 EVENT {"text": "歪", "revise_round": 1}
[2026-05-20 11:05:50] CH1 EVENT {"text": "。\n\n", "revise_round": 1}
[2026-05-20 11:05:50] CH1 EVENT {"text": "“", "revise_round": 1}
[2026-05-20 11:05:50] CH1 EVENT {"text": "尸", "revise_round": 1}
[2026-05-20 11:05:50] CH1 EVENT {"text": "手", "revise_round": 1}
[2026-05-20 11:05:50] CH1 EVENT {"text": "别", "revise_round": 1}
[2026-05-20 11:05:50] CH1 EVENT {"text": "洗", "revise_round": 1}
[2026-05-20 11:05:50] CH1 EVENT {"text": "，", "revise_round": 1}
[2026-05-20 11:05:50] CH1 EVENT {"text": "别", "revise_round": 1}
[2026-05-20 11:05:50] CH1 EVENT {"text": "合", "revise_round": 1}
[2026-05-20 11:05:50] CH1 EVENT {"text": "。”", "revise_round": 1}
[2026-05-20 11:05:50] CH1 EVENT {"text": "沈", "revise_round": 1}
[2026-05-20 11:05:50] CH1 EVENT {"text": "照", "revise_round": 1}
[2026-05-20 11:05:50] CH1 EVENT {"text": "又", "revise_round": 1}
[2026-05-20 11:05:50] CH1 EVENT {"text": "道", "revise_round": 1}
[2026-05-20 11:05:50] CH1 EVENT {"text": "，“", "revise_round": 1}
[2026-05-20 11:05:50] CH1 EVENT {"text": "灯", "revise_round": 1}
[2026-05-20 11:05:50] CH1 EVENT {"text": "先", "revise_round": 1}
[2026-05-20 11:05:50] CH1 EVENT {"text": "别", "revise_round": 1}
[2026-05-20 11:05:50] CH1 EVENT {"text": "摘", "revise_round": 1}
[2026-05-20 11:05:50] CH1 EVENT {"text": "，", "revise_round": 1}
[2026-05-20 11:05:50] CH1 EVENT {"text": "单", "revise_round": 1}
[2026-05-20 11:05:50] CH1 EVENT {"text": "独", "revise_round": 1}
[2026-05-20 11:05:50] CH1 EVENT {"text": "装", "revise_round": 1}
[2026-05-20 11:05:50] CH1 EVENT {"text": "，", "revise_round": 1}
[2026-05-20 11:05:50] CH1 EVENT {"text": "别", "revise_round": 1}
[2026-05-20 11:05:50] CH1 EVENT {"text": "让", "revise_round": 1}
[2026-05-20 11:05:50] CH1 EVENT {"text": "灯", "revise_round": 1}
[2026-05-20 11:05:50] CH1 EVENT {"text": "灰", "revise_round": 1}
[2026-05-20 11:05:50] CH1 EVENT {"text": "落", "revise_round": 1}
[2026-05-20 11:05:50] CH1 EVENT {"text": "到", "revise_round": 1}
[2026-05-20 11:05:50] CH1 EVENT {"text": "尸", "revise_round": 1}
[2026-05-20 11:05:50] CH1 EVENT {"text": "上", "revise_round": 1}
[2026-05-20 11:05:50] CH1 EVENT {"text": "。”\n\n", "revise_round": 1}
[2026-05-20 11:05:50] CH1 EVENT {"text": "年轻", "revise_round": 1}
[2026-05-20 11:05:50] CH1 EVENT {"text": "巡", "revise_round": 1}
[2026-05-20 11:05:50] CH1 EVENT {"text": "卒", "revise_round": 1}
[2026-05-20 11:05:50] CH1 EVENT {"text": "应", "revise_round": 1}
[2026-05-20 11:05:50] CH1 EVENT {"text": "得", "revise_round": 1}
[2026-05-20 11:05:50] CH1 EVENT {"text": "快", "revise_round": 1}
[2026-05-20 11:05:50] CH1 EVENT {"text": "，", "revise_round": 1}
[2026-05-20 11:05:50] CH1 EVENT {"text": "捧", "revise_round": 1}
[2026-05-20 11:05:50] CH1 EVENT {"text": "着", "revise_round": 1}
[2026-05-20 11:05:50] CH1 EVENT {"text": "湿", "revise_round": 1}
[2026-05-20 11:05:50] CH1 EVENT {"text": "席", "revise_round": 1}
[2026-05-20 11:05:50] CH1 EVENT {"text": "不", "revise_round": 1}
[2026-05-20 11:05:50] CH1 EVENT {"text": "敢", "revise_round": 1}
[2026-05-20 11:05:50] CH1 EVENT {"text": "乱", "revise_round": 1}
[2026-05-20 11:05:50] CH1 EVENT {"text": "动", "revise_round": 1}
[2026-05-20 11:05:50] CH1 EVENT {"text": "。", "revise_round": 1}
[2026-05-20 11:05:50] CH1 EVENT {"text": "沈", "revise_round": 1}
[2026-05-20 11:05:50] CH1 EVENT {"text": "照", "revise_round": 1}
[2026-05-20 11:05:50] CH1 EVENT {"text": "看", "revise_round": 1}
[2026-05-20 11:05:50] CH1 EVENT {"text": "着", "revise_round": 1}
[2026-05-20 11:05:50] CH1 EVENT {"text": "那", "revise_round": 1}
[2026-05-20 11:05:50] CH1 EVENT {"text": "盏", "revise_round": 1}
[2026-05-20 11:05:50] CH1 EVENT {"text": "灯", "revise_round": 1}
[2026-05-20 11:05:50] CH1 EVENT {"text": "，", "revise_round": 1}
[2026-05-20 11:05:50] CH1 EVENT {"text": "脑", "revise_round": 1}
[2026-05-20 11:05:50] CH1 EVENT {"text": "中", "revise_round": 1}
[2026-05-20 11:05:50] CH1 EVENT {"text": "掠", "revise_round": 1}
[2026-05-20 11:05:50] CH1 EVENT {"text": "过", "revise_round": 1}
[2026-05-20 11:05:50] CH1 EVENT {"text": "旧", "revise_round": 1}
[2026-05-20 11:05:50] CH1 EVENT {"text": "灯", "revise_round": 1}
[2026-05-20 11:05:50] CH1 EVENT {"text": "房", "revise_round": 1}
[2026-05-20 11:05:50] CH1 EVENT {"text": "里", "revise_round": 1}
[2026-05-20 11:05:50] CH1 EVENT {"text": "师", "revise_round": 1}
[2026-05-20 11:05:50] CH1 EVENT {"text": "父", "revise_round": 1}
[2026-05-20 11:05:50] CH1 EVENT {"text": "教", "revise_round": 1}
[2026-05-20 11:05:50] CH1 EVENT {"text": "他", "revise_round": 1}
[2026-05-20 11:05:50] CH1 EVENT {"text": "认", "revise_round": 1}
[2026-05-20 11:05:50] CH1 EVENT {"text": "封", "revise_round": 1}
[2026-05-20 11:05:50] CH1 EVENT {"text": "纸", "revise_round": 1}
[2026-05-20 11:05:50] CH1 EVENT {"text": "的", "revise_round": 1}
[2026-05-20 11:05:50] CH1 EVENT {"text": "那", "revise_round": 1}
[2026-05-20 11:05:50] CH1 EVENT {"text": "一", "revise_round": 1}
[2026-05-20 11:05:50] CH1 EVENT {"text": "手", "revise_round": 1}
[2026-05-20 11:05:50] CH1 EVENT {"text": "：", "revise_round": 1}
[2026-05-20 11:05:50] CH1 EVENT {"text": "朱", "revise_round": 1}
[2026-05-20 11:05:51] CH1 EVENT {"text": "砂", "revise_round": 1}
[2026-05-20 11:05:51] CH1 EVENT {"text": "、", "revise_round": 1}
[2026-05-20 11:05:51] CH1 EVENT {"text": "松", "revise_round": 1}
[2026-05-20 11:05:51] CH1 EVENT {"text": "烟", "revise_round": 1}
[2026-05-20 11:05:51] CH1 EVENT {"text": "、", "revise_round": 1}
[2026-05-20 11:05:51] CH1 EVENT {"text": "鱼", "revise_round": 1}
[2026-05-20 11:05:51] CH1 EVENT {"text": "胶", "revise_round": 1}
[2026-05-20 11:05:51] CH1 EVENT {"text": "，", "revise_round": 1}
[2026-05-20 11:05:51] CH1 EVENT {"text": "少", "revise_round": 1}
[2026-05-20 11:05:51] CH1 EVENT {"text": "一", "revise_round": 1}
[2026-05-20 11:05:51] CH1 EVENT {"text": "味", "revise_round": 1}
[2026-05-20 11:05:51] CH1 EVENT {"text": "都", "revise_round": 1}
[2026-05-20 11:05:51] CH1 EVENT {"text": "压", "revise_round": 1}
[2026-05-20 11:05:51] CH1 EVENT {"text": "不", "revise_round": 1}
[2026-05-20 11:05:51] CH1 EVENT {"text": "住", "revise_round": 1}
[2026-05-20 11:05:51] CH1 EVENT {"text": "火", "revise_round": 1}
[2026-05-20 11:05:51] CH1 EVENT {"text": "。", "revise_round": 1}
[2026-05-20 11:05:51] CH1 EVENT {"text": "眼", "revise_round": 1}
[2026-05-20 11:05:51] CH1 EVENT {"text": "前", "revise_round": 1}
[2026-05-20 11:05:51] CH1 EVENT {"text": "这", "revise_round": 1}
[2026-05-20 11:05:51] CH1 EVENT {"text": "道", "revise_round": 1}
[2026-05-20 11:05:51] CH1 EVENT {"text": "挂", "revise_round": 1}
[2026-05-20 11:05:51] CH1 EVENT {"text": "痕", "revise_round": 1}
[2026-05-20 11:05:51] CH1 EVENT {"text": "，", "revise_round": 1}
[2026-05-20 11:05:51] CH1 EVENT {"text": "像", "revise_round": 1}
[2026-05-20 11:05:51] CH1 EVENT {"text": "是", "revise_round": 1}
[2026-05-20 11:05:51] CH1 EVENT {"text": "那", "revise_round": 1}
[2026-05-20 11:05:51] CH1 EVENT {"text": "一", "revise_round": 1}
[2026-05-20 11:05:51] CH1 EVENT {"text": "手", "revise_round": 1}
[2026-05-20 11:05:51] CH1 EVENT {"text": "路", "revise_round": 1}
[2026-05-20 11:05:51] CH1 EVENT {"text": "数", "revise_round": 1}
[2026-05-20 11:05:51] CH1 EVENT {"text": "留下", "revise_round": 1}
[2026-05-20 11:05:51] CH1 EVENT {"text": "的", "revise_round": 1}
[2026-05-20 11:05:51] CH1 EVENT {"text": "边", "revise_round": 1}
[2026-05-20 11:05:51] CH1 EVENT {"text": "。\n\n", "revise_round": 1}
[2026-05-20 11:05:51] CH1 EVENT {"text": "他", "revise_round": 1}
[2026-05-20 11:05:51] CH1 EVENT {"text": "弯", "revise_round": 1}
[2026-05-20 11:05:51] CH1 EVENT {"text": "下", "revise_round": 1}
[2026-05-20 11:05:51] CH1 EVENT {"text": "腰", "revise_round": 1}
[2026-05-20 11:05:51] CH1 EVENT {"text": "，", "revise_round": 1}
[2026-05-20 11:05:51] CH1 EVENT {"text": "借", "revise_round": 1}
[2026-05-20 11:05:51] CH1 EVENT {"text": "风", "revise_round": 1}
[2026-05-20 11:05:51] CH1 EVENT {"text": "灯", "revise_round": 1}
[2026-05-20 11:05:51] CH1 EVENT {"text": "往", "revise_round": 1}
[2026-05-20 11:05:51] CH1 EVENT {"text": "门", "revise_round": 1}
[2026-05-20 11:05:51] CH1 EVENT {"text": "槛", "revise_round": 1}
[2026-05-20 11:05:51] CH1 EVENT {"text": "下", "revise_round": 1}
[2026-05-20 11:05:51] CH1 EVENT {"text": "照", "revise_round": 1}
[2026-05-20 11:05:51] CH1 EVENT {"text": "。", "revise_round": 1}
[2026-05-20 11:05:51] CH1 EVENT {"text": "旧", "revise_round": 1}
[2026-05-20 11:05:51] CH1 EVENT {"text": "排", "revise_round": 1}
[2026-05-20 11:05:51] CH1 EVENT {"text": "水", "revise_round": 1}
[2026-05-20 11:05:52] CH1 EVENT {"text": "槽", "revise_round": 1}
[2026-05-20 11:05:52] CH1 EVENT {"text": "沿", "revise_round": 1}
[2026-05-20 11:05:52] CH1 EVENT {"text": "着", "revise_round": 1}
[2026-05-20 11:05:52] CH1 EVENT {"text": "墙", "revise_round": 1}
[2026-05-20 11:05:52] CH1 EVENT {"text": "根", "revise_round": 1}
[2026-05-20 11:05:52] CH1 EVENT {"text": "往", "revise_round": 1}
[2026-05-20 11:05:52] CH1 EVENT {"text": "外", "revise_round": 1}
[2026-05-20 11:05:52] CH1 EVENT {"text": "走", "revise_round": 1}
[2026-05-20 11:05:52] CH1 EVENT {"text": "，", "revise_round": 1}
[2026-05-20 11:05:52] CH1 EVENT {"text": "槽", "revise_round": 1}
[2026-05-20 11:05:52] CH1 EVENT {"text": "口", "revise_round": 1}
[2026-05-20 11:05:52] CH1 EVENT {"text": "半", "revise_round": 1}
[2026-05-20 11:05:52] CH1 EVENT {"text": "埋", "revise_round": 1}
[2026-05-20 11:05:52] CH1 EVENT {"text": "在", "revise_round": 1}
[2026-05-20 11:05:52] CH1 EVENT {"text": "泥", "revise_round": 1}
[2026-05-20 11:05:52] CH1 EVENT {"text": "里", "revise_round": 1}
[2026-05-20 11:05:52] CH1 EVENT {"text": "，", "revise_round": 1}
[2026-05-20 11:05:52] CH1 EVENT {"text": "雨", "revise_round": 1}
[2026-05-20 11:05:52] CH1 EVENT {"text": "水", "revise_round": 1}
[2026-05-20 11:05:52] CH1 EVENT {"text": "正", "revise_round": 1}
[2026-05-20 11:05:52] CH1 EVENT {"text": "顺", "revise_round": 1}
[2026-05-20 11:05:52] CH1 EVENT {"text": "着", "revise_round": 1}
[2026-05-20 11:05:52] CH1 EVENT {"text": "它", "revise_round": 1}
[2026-05-20 11:05:52] CH1 EVENT {"text": "把", "revise_round": 1}
[2026-05-20 11:05:52] CH1 EVENT {"text": "灰", "revise_round": 1}
[2026-05-20 11:05:52] CH1 EVENT {"text": "线", "revise_round": 1}
[2026-05-20 11:05:52] CH1 EVENT {"text": "往", "revise_round": 1}
[2026-05-20 11:05:52] CH1 EVENT {"text": "街", "revise_round": 1}
[2026-05-20 11:05:52] CH1 EVENT {"text": "外", "revise_round": 1}
[2026-05-20 11:05:52] CH1 EVENT {"text": "送", "revise_round": 1}
[2026-05-20 11:05:52] CH1 EVENT {"text": "。", "revise_round": 1}
[2026-05-20 11:05:52] CH1 EVENT {"text": "那", "revise_round": 1}
[2026-05-20 11:05:52] CH1 EVENT {"text": "槽", "revise_round": 1}
[2026-05-20 11:05:52] CH1 EVENT {"text": "原", "revise_round": 1}
[2026-05-20 11:05:52] CH1 EVENT {"text": "是", "revise_round": 1}
[2026-05-20 11:05:52] CH1 EVENT {"text": "早", "revise_round": 1}
[2026-05-20 11:05:52] CH1 EVENT {"text": "年", "revise_round": 1}
[2026-05-20 11:05:52] CH1 EVENT {"text": "泻", "revise_round": 1}
[2026-05-20 11:05:52] CH1 EVENT {"text": "灯", "revise_round": 1}
[2026-05-20 11:05:52] CH1 EVENT {"text": "油", "revise_round": 1}
[2026-05-20 11:05:52] CH1 EVENT {"text": "用", "revise_round": 1}
[2026-05-20 11:05:52] CH1 EVENT {"text": "的", "revise_round": 1}
[2026-05-20 11:05:52] CH1 EVENT {"text": "，", "revise_round": 1}
[2026-05-20 11:05:52] CH1 EVENT {"text": "后来", "revise_round": 1}
[2026-05-20 11:05:52] CH1 EVENT {"text": "街", "revise_round": 1}
[2026-05-20 11:05:52] CH1 EVENT {"text": "面", "revise_round": 1}
[2026-05-20 11:05:52] CH1 EVENT {"text": "铺", "revise_round": 1}
[2026-05-20 11:05:52] CH1 EVENT {"text": "石", "revise_round": 1}
[2026-05-20 11:05:52] CH1 EVENT {"text": "，", "revise_round": 1}
[2026-05-20 11:05:52] CH1 EVENT {"text": "半", "revise_round": 1}
[2026-05-20 11:05:52] CH1 EVENT {"text": "埋", "revise_round": 1}
[2026-05-20 11:05:53] CH1 EVENT {"text": "进", "revise_round": 1}
[2026-05-20 11:05:53] CH1 EVENT {"text": "泥", "revise_round": 1}
[2026-05-20 11:05:53] CH1 EVENT {"text": "里", "revise_round": 1}
[2026-05-20 11:05:53] CH1 EVENT {"text": "，", "revise_round": 1}
[2026-05-20 11:05:53] CH1 EVENT {"text": "今", "revise_round": 1}
[2026-05-20 11:05:53] CH1 EVENT {"text": "夜", "revise_round": 1}
[2026-05-20 11:05:53] CH1 EVENT {"text": "倒", "revise_round": 1}
[2026-05-20 11:05:53] CH1 EVENT {"text": "成", "revise_round": 1}
[2026-05-20 11:05:53] CH1 EVENT {"text": "了", "revise_round": 1}
[2026-05-20 11:05:53] CH1 EVENT {"text": "看", "revise_round": 1}
[2026-05-20 11:05:53] CH1 EVENT {"text": "痕", "revise_round": 1}
[2026-05-20 11:05:53] CH1 EVENT {"text": "的", "revise_round": 1}
[2026-05-20 11:05:53] CH1 EVENT {"text": "好", "revise_round": 1}
[2026-05-20 11:05:53] CH1 EVENT {"text": "地方", "revise_round": 1}
[2026-05-20 11:05:53] CH1 EVENT {"text": "。", "revise_round": 1}
[2026-05-20 11:05:53] CH1 EVENT {"text": "拖", "revise_round": 1}
[2026-05-20 11:05:53] CH1 EVENT {"text": "痕", "revise_round": 1}
[2026-05-20 11:05:53] CH1 EVENT {"text": "从", "revise_round": 1}
[2026-05-20 11:05:53] CH1 EVENT {"text": "外", "revise_round": 1}
[2026-05-20 11:05:53] CH1 EVENT {"text": "向", "revise_round": 1}
[2026-05-20 11:05:53] CH1 EVENT {"text": "里", "revise_round": 1}
[2026-05-20 11:05:53] CH1 EVENT {"text": "，", "revise_round": 1}
[2026-05-20 11:05:53] CH1 EVENT {"text": "到了", "revise_round": 1}
[2026-05-20 11:05:53] CH1 EVENT {"text": "槛", "revise_round": 1}
[2026-05-20 11:05:53] CH1 EVENT {"text": "边", "revise_round": 1}
[2026-05-20 11:05:53] CH1 EVENT {"text": "才", "revise_round": 1}
[2026-05-20 11:05:53] CH1 EVENT {"text": "收", "revise_round": 1}
[2026-05-20 11:05:53] CH1 EVENT {"text": "。", "revise_round": 1}
[2026-05-20 11:05:53] CH1 EVENT {"text": "若", "revise_round": 1}
[2026-05-20 11:05:53] CH1 EVENT {"text": "是", "revise_round": 1}
[2026-05-20 11:05:53] CH1 EVENT {"text": "人", "revise_round": 1}
[2026-05-20 11:05:53] CH1 EVENT {"text": "死", "revise_round": 1}
[2026-05-20 11:05:53] CH1 EVENT {"text": "在", "revise_round": 1}
[2026-05-20 11:05:53] CH1 EVENT {"text": "这", "revise_round": 1}
[2026-05-20 11:05:53] CH1 EVENT {"text": "儿", "revise_round": 1}
[2026-05-20 11:05:53] CH1 EVENT {"text": "跪", "revise_round": 1}
[2026-05-20 11:05:53] CH1 EVENT {"text": "倒", "revise_round": 1}
[2026-05-20 11:05:53] CH1 EVENT {"text": "，", "revise_round": 1}
[2026-05-20 11:05:53] CH1 EVENT {"text": "泥", "revise_round": 1}
[2026-05-20 11:05:53] CH1 EVENT {"text": "星", "revise_round": 1}
[2026-05-20 11:05:53] CH1 EVENT {"text": "不会", "revise_round": 1}
[2026-05-20 11:05:53] CH1 EVENT {"text": "这样", "revise_round": 1}
[2026-05-20 11:05:53] CH1 EVENT {"text": "齐", "revise_round": 1}
[2026-05-20 11:05:53] CH1 EVENT {"text": "，", "revise_round": 1}
[2026-05-20 11:05:53] CH1 EVENT {"text": "膝", "revise_round": 1}
[2026-05-20 11:05:53] CH1 EVENT {"text": "皮", "revise_round": 1}
[2026-05-20 11:05:53] CH1 EVENT {"text": "也", "revise_round": 1}
[2026-05-20 11:05:53] CH1 EVENT {"text": "不会", "revise_round": 1}
[2026-05-20 11:05:53] CH1 EVENT {"text": "这", "revise_round": 1}
[2026-05-20 11:05:53] CH1 EVENT {"text": "般", "revise_round": 1}
[2026-05-20 11:05:53] CH1 EVENT {"text": "整", "revise_round": 1}
[2026-05-20 11:05:53] CH1 EVENT {"text": "。\n\n", "revise_round": 1}
[2026-05-20 11:05:54] CH1 EVENT {"text": "“", "revise_round": 1}
[2026-05-20 11:05:54] CH1 EVENT {"text": "抬", "revise_round": 1}
[2026-05-20 11:05:54] CH1 EVENT {"text": "。”", "revise_round": 1}
[2026-05-20 11:05:54] CH1 EVENT {"text": "他", "revise_round": 1}
[2026-05-20 11:05:54] CH1 EVENT {"text": "低", "revise_round": 1}
[2026-05-20 11:05:54] CH1 EVENT {"text": "声", "revise_round": 1}
[2026-05-20 11:05:54] CH1 EVENT {"text": "道", "revise_round": 1}
[2026-05-20 11:05:54] CH1 EVENT {"text": "。\n\n", "revise_round": 1}
[2026-05-20 11:05:54] CH1 EVENT {"text": "两", "revise_round": 1}
[2026-05-20 11:05:54] CH1 EVENT {"text": "根", "revise_round": 1}
[2026-05-20 11:05:54] CH1 EVENT {"text": "短", "revise_round": 1}
[2026-05-20 11:05:54] CH1 EVENT {"text": "杆", "revise_round": 1}
[2026-05-20 11:05:54] CH1 EVENT {"text": "从", "revise_round": 1}
[2026-05-20 11:05:54] CH1 EVENT {"text": "湿", "revise_round": 1}
[2026-05-20 11:05:54] CH1 EVENT {"text": "席", "revise_round": 1}
[2026-05-20 11:05:54] CH1 EVENT {"text": "下", "revise_round": 1}
[2026-05-20 11:05:54] CH1 EVENT {"text": "穿", "revise_round": 1}
[2026-05-20 11:05:54] CH1 EVENT {"text": "过去", "revise_round": 1}
[2026-05-20 11:05:54] CH1 EVENT {"text": "，", "revise_round": 1}
[2026-05-20 11:05:54] CH1 EVENT {"text": "先", "revise_round": 1}
[2026-05-20 11:05:54] CH1 EVENT {"text": "兜", "revise_round": 1}
[2026-05-20 11:05:54] CH1 EVENT {"text": "住", "revise_round": 1}
[2026-05-20 11:05:54] CH1 EVENT {"text": "背", "revise_round": 1}
[2026-05-20 11:05:54] CH1 EVENT {"text": "下", "revise_round": 1}
[2026-05-20 11:05:54] CH1 EVENT {"text": "，", "revise_round": 1}
[2026-05-20 11:05:54] CH1 EVENT {"text": "尸", "revise_round": 1}
[2026-05-20 11:05:54] CH1 EVENT {"text": "身", "revise_round": 1}
[2026-05-20 11:05:54] CH1 EVENT {"text": "只", "revise_round": 1}
[2026-05-20 11:05:54] CH1 EVENT {"text": "离", "revise_round": 1}
[2026-05-20 11:05:54] CH1 EVENT {"text": "地", "revise_round": 1}
[2026-05-20 11:05:54] CH1 EVENT {"text": "半", "revise_round": 1}
[2026-05-20 11:05:54] CH1 EVENT {"text": "尺", "revise_round": 1}
[2026-05-20 11:05:54] CH1 EVENT {"text": "，", "revise_round": 1}
[2026-05-20 11:05:54] CH1 EVENT {"text": "槛", "revise_round": 1}
[2026-05-20 11:05:54] CH1 EVENT {"text": "前", "revise_round": 1}
[2026-05-20 11:05:54] CH1 EVENT {"text": "那", "revise_round": 1}
[2026-05-20 11:05:54] CH1 EVENT {"text": "截", "revise_round": 1}
[2026-05-20 11:05:54] CH1 EVENT {"text": "拖", "revise_round": 1}
[2026-05-20 11:05:54] CH1 EVENT {"text": "槽", "revise_round": 1}
[2026-05-20 11:05:54] CH1 EVENT {"text": "便", "revise_round": 1}
[2026-05-20 11:05:54] CH1 EVENT {"text": "完整", "revise_round": 1}
[2026-05-20 11:05:54] CH1 EVENT {"text": "露", "revise_round": 1}
[2026-05-20 11:05:54] CH1 EVENT {"text": "出来", "revise_round": 1}
[2026-05-20 11:05:54] CH1 EVENT {"text": "，", "revise_round": 1}
[2026-05-20 11:05:54] CH1 EVENT {"text": "直", "revise_round": 1}
[2026-05-20 11:05:54] CH1 EVENT {"text": "咬", "revise_round": 1}
[2026-05-20 11:05:54] CH1 EVENT {"text": "向", "revise_round": 1}
[2026-05-20 11:05:54] CH1 EVENT {"text": "外", "revise_round": 1}
[2026-05-20 11:05:54] CH1 EVENT {"text": "头", "revise_round": 1}
[2026-05-20 11:05:54] CH1 EVENT {"text": "的", "revise_round": 1}
[2026-05-20 11:05:54] CH1 EVENT {"text": "黑", "revise_round": 1}
[2026-05-20 11:05:54] CH1 EVENT {"text": "水", "revise_round": 1}
[2026-05-20 11:05:55] CH1 EVENT {"text": "。", "revise_round": 1}
[2026-05-20 11:05:55] CH1 EVENT {"text": "沈", "revise_round": 1}
[2026-05-20 11:05:55] CH1 EVENT {"text": "照", "revise_round": 1}
[2026-05-20 11:05:55] CH1 EVENT {"text": "只", "revise_round": 1}
[2026-05-20 11:05:55] CH1 EVENT {"text": "看", "revise_round": 1}
[2026-05-20 11:05:55] CH1 EVENT {"text": "一", "revise_round": 1}
[2026-05-20 11:05:55] CH1 EVENT {"text": "眼", "revise_round": 1}
[2026-05-20 11:05:55] CH1 EVENT {"text": "，", "revise_round": 1}
[2026-05-20 11:05:55] CH1 EVENT {"text": "便", "revise_round": 1}
[2026-05-20 11:05:55] CH1 EVENT {"text": "在", "revise_round": 1}
[2026-05-20 11:05:55] CH1 EVENT {"text": "巡", "revise_round": 1}
[2026-05-20 11:05:55] CH1 EVENT {"text": "簿", "revise_round": 1}
[2026-05-20 11:05:55] CH1 EVENT {"text": "旁", "revise_round": 1}
[2026-05-20 11:05:55] CH1 EVENT {"text": "添", "revise_round": 1}
[2026-05-20 11:05:55] CH1 EVENT {"text": "了", "revise_round": 1}
[2026-05-20 11:05:55] CH1 EVENT {"text": "四", "revise_round": 1}
[2026-05-20 11:05:55] CH1 EVENT {"text": "个", "revise_round": 1}
[2026-05-20 11:05:55] CH1 EVENT {"text": "字", "revise_round": 1}
[2026-05-20 11:05:55] CH1 EVENT {"text": "：", "revise_round": 1}
[2026-05-20 11:05:55] CH1 EVENT {"text": "疑", "revise_round": 1}
[2026-05-20 11:05:55] CH1 EVENT {"text": "为", "revise_round": 1}
[2026-05-20 11:05:55] CH1 EVENT {"text": "移", "revise_round": 1}
[2026-05-20 11:05:55] CH1 EVENT {"text": "尸", "revise_round": 1}
[2026-05-20 11:05:55] CH1 EVENT {"text": "。", "revise_round": 1}
[2026-05-20 11:05:55] CH1 EVENT {"text": "下面", "revise_round": 1}
[2026-05-20 11:05:55] CH1 EVENT {"text": "留", "revise_round": 1}
[2026-05-20 11:05:55] CH1 EVENT {"text": "空", "revise_round": 1}
[2026-05-20 11:05:55] CH1 EVENT {"text": "，", "revise_round": 1}
[2026-05-20 11:05:55] CH1 EVENT {"text": "等", "revise_round": 1}
[2026-05-20 11:05:55] CH1 EVENT {"text": "停", "revise_round": 1}
[2026-05-20 11:05:55] CH1 EVENT {"text": "尸", "revise_round": 1}
[2026-05-20 11:05:55] CH1 EVENT {"text": "棚", "revise_round": 1}
[2026-05-20 11:05:55] CH1 EVENT {"text": "再", "revise_round": 1}
[2026-05-20 11:05:55] CH1 EVENT {"text": "补", "revise_round": 1}
[2026-05-20 11:05:55] CH1 EVENT {"text": "。\n\n", "revise_round": 1}
[2026-05-20 11:05:55] CH1 EVENT {"text": "年", "revise_round": 1}
[2026-05-20 11:05:55] CH1 EVENT {"text": "长", "revise_round": 1}
[2026-05-20 11:05:55] CH1 EVENT {"text": "巡", "revise_round": 1}
[2026-05-20 11:05:55] CH1 EVENT {"text": "卒", "revise_round": 1}
[2026-05-20 11:05:55] CH1 EVENT {"text": "抹", "revise_round": 1}
[2026-05-20 11:05:55] CH1 EVENT {"text": "了", "revise_round": 1}
[2026-05-20 11:05:55] CH1 EVENT {"text": "把", "revise_round": 1}
[2026-05-20 11:05:55] CH1 EVENT {"text": "脸", "revise_round": 1}
[2026-05-20 11:05:55] CH1 EVENT {"text": "上的", "revise_round": 1}
[2026-05-20 11:05:55] CH1 EVENT {"text": "水", "revise_round": 1}
[2026-05-20 11:05:55] CH1 EVENT {"text": "，", "revise_round": 1}
[2026-05-20 11:05:55] CH1 EVENT {"text": "声音", "revise_round": 1}
[2026-05-20 11:05:55] CH1 EVENT {"text": "压", "revise_round": 1}
[2026-05-20 11:05:55] CH1 EVENT {"text": "得", "revise_round": 1}
[2026-05-20 11:05:55] CH1 EVENT {"text": "低", "revise_round": 1}
[2026-05-20 11:05:55] CH1 EVENT {"text": "：“", "revise_round": 1}
[2026-05-20 11:05:55] CH1 EVENT {"text": "沈", "revise_round": 1}
[2026-05-20 11:05:55] CH1 EVENT {"text": "头", "revise_round": 1}
[2026-05-20 11:05:55] CH1 EVENT {"text": "儿", "revise_round": 1}
[2026-05-20 11:05:56] CH1 EVENT {"text": "，要", "revise_round": 1}
[2026-05-20 11:05:56] CH1 EVENT {"text": "不要", "revise_round": 1}
[2026-05-20 11:05:56] CH1 EVENT {"text": "先", "revise_round": 1}
[2026-05-20 11:05:56] CH1 EVENT {"text": "叫", "revise_round": 1}
[2026-05-20 11:05:56] CH1 EVENT {"text": "仵", "revise_round": 1}
[2026-05-20 11:05:56] CH1 EVENT {"text": "作", "revise_round": 1}
[2026-05-20 11:05:56] CH1 EVENT {"text": "？”\n\n", "revise_round": 1}
[2026-05-20 11:05:56] CH1 EVENT {"text": "“", "revise_round": 1}
[2026-05-20 11:05:56] CH1 EVENT {"text": "先", "revise_round": 1}
[2026-05-20 11:05:56] CH1 EVENT {"text": "护", "revise_round": 1}
[2026-05-20 11:05:56] CH1 EVENT {"text": "场", "revise_round": 1}
[2026-05-20 11:05:56] CH1 EVENT {"text": "。”", "revise_round": 1}
[2026-05-20 11:05:56] CH1 EVENT {"text": "沈", "revise_round": 1}
[2026-05-20 11:05:56] CH1 EVENT {"text": "照", "revise_round": 1}
[2026-05-20 11:05:56] CH1 EVENT {"text": "把", "revise_round": 1}
[2026-05-20 11:05:56] CH1 EVENT {"text": "那", "revise_round": 1}
[2026-05-20 11:05:56] CH1 EVENT {"text": "盏", "revise_round": 1}
[2026-05-20 11:05:56] CH1 EVENT {"text": "灯", "revise_round": 1}
[2026-05-20 11:05:56] CH1 EVENT {"text": "扫", "revise_round": 1}
[2026-05-20 11:05:56] CH1 EVENT {"text": "了一", "revise_round": 1}
[2026-05-20 11:05:56] CH1 EVENT {"text": "眼", "revise_round": 1}
[2026-05-20 11:05:56] CH1 EVENT {"text": "，“", "revise_round": 1}
[2026-05-20 11:05:56] CH1 EVENT {"text": "谁", "revise_round": 1}
[2026-05-20 11:05:56] CH1 EVENT {"text": "碰", "revise_round": 1}
[2026-05-20 11:05:56] CH1 EVENT {"text": "这", "revise_round": 1}
[2026-05-20 11:05:56] CH1 EVENT {"text": "只", "revise_round": 1}
[2026-05-20 11:05:56] CH1 EVENT {"text": "手", "revise_round": 1}
[2026-05-20 11:05:56] CH1 EVENT {"text": "，我", "revise_round": 1}
[2026-05-20 11:05:56] CH1 EVENT {"text": "先", "revise_round": 1}
[2026-05-20 11:05:56] CH1 EVENT {"text": "记", "revise_round": 1}
[2026-05-20 11:05:56] CH1 EVENT {"text": "谁", "revise_round": 1}
[2026-05-20 11:05:56] CH1 EVENT {"text": "。”\n\n", "revise_round": 1}
[2026-05-20 11:05:56] CH1 EVENT {"text": "棚", "revise_round": 1}
[2026-05-20 11:05:56] CH1 EVENT {"text": "里", "revise_round": 1}
[2026-05-20 11:05:56] CH1 EVENT {"text": "更", "revise_round": 1}
[2026-05-20 11:05:56] CH1 EVENT {"text": "静", "revise_round": 1}
[2026-05-20 11:05:56] CH1 EVENT {"text": "。", "revise_round": 1}
[2026-05-20 11:05:56] CH1 EVENT {"text": "雨", "revise_round": 1}
[2026-05-20 11:05:56] CH1 EVENT {"text": "点", "revise_round": 1}
[2026-05-20 11:05:56] CH1 EVENT {"text": "打", "revise_round": 1}
[2026-05-20 11:05:56] CH1 EVENT {"text": "在", "revise_round": 1}
[2026-05-20 11:05:56] CH1 EVENT {"text": "油", "revise_round": 1}
[2026-05-20 11:05:56] CH1 EVENT {"text": "纸", "revise_round": 1}
[2026-05-20 11:05:56] CH1 EVENT {"text": "上", "revise_round": 1}
[2026-05-20 11:05:56] CH1 EVENT {"text": "，", "revise_round": 1}
[2026-05-20 11:05:56] CH1 EVENT {"text": "噗", "revise_round": 1}
[2026-05-20 11:05:56] CH1 EVENT {"text": "噗", "revise_round": 1}
[2026-05-20 11:05:56] CH1 EVENT {"text": "轻", "revise_round": 1}
[2026-05-20 11:05:56] CH1 EVENT {"text": "响", "revise_round": 1}
[2026-05-20 11:05:56] CH1 EVENT {"text": "，", "revise_round": 1}
[2026-05-20 11:05:56] CH1 EVENT {"text": "像", "revise_round": 1}
[2026-05-20 11:05:56] CH1 EVENT {"text": "有人", "revise_round": 1}
[2026-05-20 11:05:57] CH1 EVENT {"text": "在", "revise_round": 1}
[2026-05-20 11:05:57] CH1 EVENT {"text": "远", "revise_round": 1}
[2026-05-20 11:05:57] CH1 EVENT {"text": "处", "revise_round": 1}
[2026-05-20 11:05:57] CH1 EVENT {"text": "叩", "revise_round": 1}
[2026-05-20 11:05:57] CH1 EVENT {"text": "木", "revise_round": 1}
[2026-05-20 11:05:57] CH1 EVENT {"text": "。\n\n", "revise_round": 1}
[2026-05-20 11:05:57] CH1 EVENT {"text": "就在", "revise_round": 1}
[2026-05-20 11:05:57] CH1 EVENT {"text": "这", "revise_round": 1}
[2026-05-20 11:05:57] CH1 EVENT {"text": "时", "revise_round": 1}
[2026-05-20 11:05:57] CH1 EVENT {"text": "，", "revise_round": 1}
[2026-05-20 11:05:57] CH1 EVENT {"text": "巷", "revise_round": 1}
[2026-05-20 11:05:57] CH1 EVENT {"text": "口", "revise_round": 1}
[2026-05-20 11:05:57] CH1 EVENT {"text": "外", "revise_round": 1}
[2026-05-20 11:05:57] CH1 EVENT {"text": "忽", "revise_round": 1}
[2026-05-20 11:05:57] CH1 EVENT {"text": "然", "revise_round": 1}
[2026-05-20 11:05:57] CH1 EVENT {"text": "响", "revise_round": 1}
[2026-05-20 11:05:57] CH1 EVENT {"text": "了一", "revise_round": 1}
[2026-05-20 11:05:57] CH1 EVENT {"text": "声", "revise_round": 1}
[2026-05-20 11:05:57] CH1 EVENT {"text": "铁", "revise_round": 1}
[2026-05-20 11:05:57] CH1 EVENT {"text": "器", "revise_round": 1}
[2026-05-20 11:05:57] CH1 EVENT {"text": "碰", "revise_round": 1}
[2026-05-20 11:05:57] CH1 EVENT {"text": "木", "revise_round": 1}
[2026-05-20 11:05:57] CH1 EVENT {"text": "的", "revise_round": 1}
[2026-05-20 11:05:57] CH1 EVENT {"text": "冷", "revise_round": 1}
[2026-05-20 11:05:57] CH1 EVENT {"text": "响", "revise_round": 1}
[2026-05-20 11:05:57] CH1 EVENT {"text": "。", "revise_round": 1}
[2026-05-20 11:05:57] CH1 EVENT {"text": "黑", "revise_round": 1}
[2026-05-20 11:05:57] CH1 EVENT {"text": "蓑", "revise_round": 1}
[2026-05-20 11:05:57] CH1 EVENT {"text": "人", "revise_round": 1}
[2026-05-20 11:05:57] CH1 EVENT {"text": "立", "revise_round": 1}
[2026-05-20 11:05:57] CH1 EVENT {"text": "在", "revise_round": 1}
[2026-05-20 11:05:57] CH1 EVENT {"text": "雨", "revise_round": 1}
[2026-05-20 11:05:57] CH1 EVENT {"text": "幕", "revise_round": 1}
[2026-05-20 11:05:57] CH1 EVENT {"text": "里", "revise_round": 1}
[2026-05-20 11:05:57] CH1 EVENT {"text": "，", "revise_round": 1}
[2026-05-20 11:05:57] CH1 EVENT {"text": "帽", "revise_round": 1}
[2026-05-20 11:05:57] CH1 EVENT {"text": "檐", "revise_round": 1}
[2026-05-20 11:05:57] CH1 EVENT {"text": "往", "revise_round": 1}
[2026-05-20 11:05:57] CH1 EVENT {"text": "下", "revise_round": 1}
[2026-05-20 11:05:57] CH1 EVENT {"text": "淌", "revise_round": 1}
[2026-05-20 11:05:57] CH1 EVENT {"text": "水", "revise_round": 1}
[2026-05-20 11:05:57] CH1 EVENT {"text": "，", "revise_round": 1}
[2026-05-20 11:05:57] CH1 EVENT {"text": "腰", "revise_round": 1}
[2026-05-20 11:05:57] CH1 EVENT {"text": "间", "revise_round": 1}
[2026-05-20 11:05:57] CH1 EVENT {"text": "铁", "revise_round": 1}
[2026-05-20 11:05:57] CH1 EVENT {"text": "牌", "revise_round": 1}
[2026-05-20 11:05:57] CH1 EVENT {"text": "压", "revise_round": 1}
[2026-05-20 11:05:57] CH1 EVENT {"text": "着", "revise_round": 1}
[2026-05-20 11:05:58] CH1 EVENT {"text": "刀", "revise_round": 1}
[2026-05-20 11:05:58] CH1 EVENT {"text": "鞘", "revise_round": 1}
[2026-05-20 11:05:58] CH1 EVENT {"text": "，", "revise_round": 1}
[2026-05-20 11:05:58] CH1 EVENT {"text": "灯", "revise_round": 1}
[2026-05-20 11:05:58] CH1 EVENT {"text": "火", "revise_round": 1}
[2026-05-20 11:05:58] CH1 EVENT {"text": "一", "revise_round": 1}
[2026-05-20 11:05:58] CH1 EVENT {"text": "照", "revise_round": 1}
[2026-05-20 11:05:58] CH1 EVENT {"text": "，", "revise_round": 1}
[2026-05-20 11:05:58] CH1 EVENT {"text": "牌", "revise_round": 1}
[2026-05-20 11:05:58] CH1 EVENT {"text": "面", "revise_round": 1}
[2026-05-20 11:05:58] CH1 EVENT {"text": "冷", "revise_round": 1}
[2026-05-20 11:05:58] CH1 EVENT {"text": "得", "revise_round": 1}
[2026-05-20 11:05:58] CH1 EVENT {"text": "发", "revise_round": 1}
[2026-05-20 11:05:58] CH1 EVENT {"text": "青", "revise_round": 1}
[2026-05-20 11:05:58] CH1 EVENT {"text": "。他", "revise_round": 1}
[2026-05-20 11:05:58] CH1 EVENT {"text": "没", "revise_round": 1}
[2026-05-20 11:05:58] CH1 EVENT {"text": "看", "revise_round": 1}
[2026-05-20 11:05:58] CH1 EVENT {"text": "地", "revise_round": 1}
[2026-05-20 11:05:58] CH1 EVENT {"text": "上的", "revise_round": 1}
[2026-05-20 11:05:58] CH1 EVENT {"text": "拖", "revise_round": 1}
[2026-05-20 11:05:58] CH1 EVENT {"text": "痕", "revise_round": 1}
[2026-05-20 11:05:58] CH1 EVENT {"text": "，", "revise_round": 1}
[2026-05-20 11:05:58] CH1 EVENT {"text": "先", "revise_round": 1}
[2026-05-20 11:05:58] CH1 EVENT {"text": "扫", "revise_round": 1}
[2026-05-20 11:05:58] CH1 EVENT {"text": "过", "revise_round": 1}
[2026-05-20 11:05:58] CH1 EVENT {"text": "那", "revise_round": 1}
[2026-05-20 11:05:58] CH1 EVENT {"text": "盏", "revise_round": 1}
[2026-05-20 11:05:58] CH1 EVENT {"text": "灯", "revise_round": 1}
[2026-05-20 11:05:58] CH1 EVENT {"text": "和", "revise_round": 1}
[2026-05-20 11:05:58] CH1 EVENT {"text": "巡", "revise_round": 1}
[2026-05-20 11:05:58] CH1 EVENT {"text": "簿", "revise_round": 1}
[2026-05-20 11:05:58] CH1 EVENT {"text": "，", "revise_round": 1}
[2026-05-20 11:05:58] CH1 EVENT {"text": "声音", "revise_round": 1}
[2026-05-20 11:05:58] CH1 EVENT {"text": "不", "revise_round": 1}
[2026-05-20 11:05:58] CH1 EVENT {"text": "高", "revise_round": 1}
[2026-05-20 11:05:58] CH1 EVENT {"text": "，却", "revise_round": 1}
[2026-05-20 11:05:58] CH1 EVENT {"text": "把", "revise_round": 1}
[2026-05-20 11:05:58] CH1 EVENT {"text": "雨", "revise_round": 1}
[2026-05-20 11:05:58] CH1 EVENT {"text": "声", "revise_round": 1}
[2026-05-20 11:05:58] CH1 EVENT {"text": "压", "revise_round": 1}
[2026-05-20 11:05:58] CH1 EVENT {"text": "住", "revise_round": 1}
[2026-05-20 11:05:58] CH1 EVENT {"text": "了", "revise_round": 1}
[2026-05-20 11:05:58] CH1 EVENT {"text": "半", "revise_round": 1}
[2026-05-20 11:05:58] CH1 EVENT {"text": "截", "revise_round": 1}
[2026-05-20 11:05:58] CH1 EVENT {"text": "：\n\n", "revise_round": 1}
[2026-05-20 11:05:58] CH1 EVENT {"text": "“", "revise_round": 1}
[2026-05-20 11:05:58] CH1 EVENT {"text": "沈", "revise_round": 1}
[2026-05-20 11:05:58] CH1 EVENT {"text": "头", "revise_round": 1}
[2026-05-20 11:05:58] CH1 EVENT {"text": "儿", "revise_round": 1}
[2026-05-20 11:05:58] CH1 EVENT {"text": "，", "revise_round": 1}
[2026-05-20 11:05:58] CH1 EVENT {"text": "守", "revise_round": 1}
[2026-05-20 11:05:58] CH1 EVENT {"text": "备", "revise_round": 1}
[2026-05-20 11:05:59] CH1 EVENT {"text": "催", "revise_round": 1}
[2026-05-20 11:05:59] CH1 EVENT {"text": "案", "revise_round": 1}
[2026-05-20 11:05:59] CH1 EVENT {"text": "。", "revise_round": 1}
[2026-05-20 11:05:59] CH1 EVENT {"text": "尸", "revise_round": 1}
[2026-05-20 11:05:59] CH1 EVENT {"text": "、", "revise_round": 1}
[2026-05-20 11:05:59] CH1 EVENT {"text": "灯", "revise_round": 1}
[2026-05-20 11:05:59] CH1 EVENT {"text": "、人", "revise_round": 1}
[2026-05-20 11:05:59] CH1 EVENT {"text": "，", "revise_round": 1}
[2026-05-20 11:05:59] CH1 EVENT {"text": "立", "revise_round": 1}
[2026-05-20 11:05:59] CH1 EVENT {"text": "刻", "revise_round": 1}
[2026-05-20 11:05:59] CH1 EVENT {"text": "送", "revise_round": 1}
[2026-05-20 11:05:59] CH1 EVENT {"text": "停", "revise_round": 1}
[2026-05-20 11:05:59] CH1 EVENT {"text": "尸", "revise_round": 1}
[2026-05-20 11:05:59] CH1 EVENT {"text": "棚", "revise_round": 1}
[2026-05-20 11:05:59] CH1 EVENT {"text": "。”", "revise_round": 1}
[2026-05-20 11:05:59] CH1 EVENT {"text": "\n\n", "revise_round": 1}
[2026-05-20 11:12:55] CH1 EVENT {"event": "revise_error", "round": 1, "reason": "timeout", "timeout_seconds": 900}
[2026-05-20 11:12:55] CH1 EVENT {"status": "completed"}
[2026-05-20 11:12:55] CH1 DONE last={"raw": "[DONE]"}
[2026-05-20 11:12:55] CH2 START 第二章 城门不开 57191f57-8931-4f7c-95c0-aab70406febd
[2026-05-20 11:12:55] CH2 EVENT {"status": "generating", "message": "Starting..."}
[2026-05-20 11:22:55] CH2 DONE last={"status": "generating", "message": "Starting..."}
[2026-05-20 11:22:55] CH3 START 第三章 一盏灯的价钱 0bab508b-de37-4e1c-8bfa-63448c26efe2
[2026-05-20 11:22:55] CH3 EVENT {"status": "generating", "message": "Starting..."}
[2026-05-20 11:34:14] CH3 EVENT {"status": "saved", "chapter_id": "0bab508b-de37-4e1c-8bfa-63448c26efe2", "word_count": 5607}
[2026-05-20 11:34:14] CH3 EVENT {"event": "evaluating", "round": 1}
[2026-05-20 11:37:56] CH3 EVENT {"event": "scored", "round": 1, "overall": 7.08, "issues": 19}
[2026-05-20 11:37:56] CH3 EVENT {"event": "revising", "round": 1, "overall": 7.08, "threshold": 8.2}
[2026-05-20 11:47:56] CH3 DONE last={"event": "revising", "round": 1, "overall": 7.08, "threshold": 8.2}
[2026-05-20 11:47:56] ALL DONE
